C51 COMPILER V9.54   EEPROM                                                                04/16/2026 21:17:51 PAGE 1   


C51 COMPILER V9.54, COMPILATION OF MODULE EEPROM
OBJECT MODULE PLACED IN .\Objects\eeprom.obj
COMPILER INVOKED BY: D:\keil\C51\BIN\C51.EXE eeprom.c OPTIMIZE(8,SPEED) BROWSE DEBUG OBJECTEXTEND PRINT(.\Listings\eepro
                    -m.lst) TABS(2) OBJECT(.\Objects\eeprom.obj)

line level    source

   1          // eeprom.c (????)
   2          #include "eeprom.h"
   3          #include <intrins.h>
   4          
   5          #define EEPROM_ADDR 0xA0
   6          
   7          static void I2C_Delay(void) {
   8   1          _nop_(); _nop_(); _nop_(); _nop_();
   9   1      }
  10          
  11          void I2C_Start(void) {
  12   1          SDA = 1; SCL = 1; I2C_Delay();
  13   1          SDA = 0; I2C_Delay();
  14   1          SCL = 0;
  15   1      }
  16          
  17          void I2C_Stop(void) {
  18   1          SDA = 0; SCL = 1; I2C_Delay();
  19   1          SDA = 1; I2C_Delay();
  20   1      }
  21          
  22          void I2C_SendByte(u8 dat) {
  23   1          u8 i;
  24   1          for(i = 0; i < 8; i++) {
  25   2              SDA = (dat & 0x80) >> 7;
  26   2              dat <<= 1;
  27   2              SCL = 1; I2C_Delay();
  28   2              SCL = 0; I2C_Delay();
  29   2          }
  30   1          SDA = 1; SCL = 1; I2C_Delay();
  31   1          SCL = 0;
  32   1      }
  33          
  34          u8 I2C_ReceiveByte(void) {
  35   1          u8 i, dat = 0;
  36   1          SDA = 1;
  37   1          for(i = 0; i < 8; i++) {
  38   2              dat <<= 1;
  39   2              SCL = 1; I2C_Delay();
  40   2              dat |= SDA;
  41   2              SCL = 0; I2C_Delay();
  42   2          }
  43   1          return dat;
  44   1      }
  45          
  46          void EEPROM_WriteByte(u8 addr, u8 dat) {
  47   1          I2C_Start();
  48   1          I2C_SendByte(EEPROM_ADDR);
  49   1          I2C_WaitAck();
  50   1          I2C_SendByte(addr);
  51   1          I2C_WaitAck();
  52   1          I2C_SendByte(dat);
  53   1          I2C_WaitAck();
  54   1          I2C_Stop();
C51 COMPILER V9.54   EEPROM                                                                04/16/2026 21:17:51 PAGE 2   

  55   1      }
  56          
  57          u8 EEPROM_ReadByte(u8 addr) {
  58   1          u8 dat;
  59   1          I2C_Start();
  60   1          I2C_SendByte(EEPROM_ADDR);
  61   1          I2C_WaitAck();
  62   1          I2C_SendByte(addr);
  63   1          I2C_WaitAck();
  64   1          I2C_Start();
  65   1          I2C_SendByte(EEPROM_ADDR | 0x01);
  66   1          I2C_WaitAck();
  67   1          dat = I2C_ReceiveByte();
  68   1          I2C_Stop();
  69   1          return dat;
  70   1      }
  71          
  72          void EEPROM_SaveScore(u16 score) {
  73   1          EEPROM_WriteByte(EE_ADDR_HIGHSCORE, score >> 8);
  74   1          EEPROM_WriteByte(EE_ADDR_HIGHSCORE + 1, score & 0xFF);
  75   1          EEPROM_WriteByte(EE_ADDR_MAGIC, 0x5A);  // ????
  76   1      }


MODULE INFORMATION:   STATIC OVERLAYABLE
   CODE SIZE        =    200    ----
   CONSTANT SIZE    =   ----    ----
   XDATA SIZE       =   ----    ----
   PDATA SIZE       =   ----    ----
   DATA SIZE        =   ----       5
   IDATA SIZE       =   ----    ----
   BIT SIZE         =   ----    ----
END OF MODULE INFORMATION.


C51 COMPILATION COMPLETE.  0 WARNING(S),  0 ERROR(S)
