C51 COMPILER V9.54   KEYPAD                                                                04/16/2026 20:49:28 PAGE 1   


C51 COMPILER V9.54, COMPILATION OF MODULE KEYPAD
OBJECT MODULE PLACED IN .\Objects\keypad.obj
COMPILER INVOKED BY: D:\keil\C51\BIN\C51.EXE keypad.c OPTIMIZE(8,SPEED) BROWSE DEBUG OBJECTEXTEND PRINT(.\Listings\keypa
                    -d.lst) TABS(2) OBJECT(.\Objects\keypad.obj)

line level    source

   1          #include "keypad.h"
   2          
   3          static u8 keyState = KEY_NONE;
   4          static u8 keyDebounce = 0;
   5          
   6          // ?????(???)
   7          u8 Key_Scan(void) {
   8   1          u8 row, col;
   9   1          u8 keyMap[4][3] = {
  10   1              {KEY_UP,    KEY_OK,     KEY_MENU},
  11   1              {KEY_DOWN,  KEY_CANCEL, KEY_PAUSE},
  12   1              {KEY_LEFT,  KEY_PLANT1, KEY_PLANT2},
  13   1              {KEY_RIGHT, 0xFF,       0xFF}
  14   1          };
  15   1          
  16   1          for(row = 0; row < 4; row++) {
  17   2              // ?????????
  18   2              P1 |= 0x0F;  // ??????
  19   2              P1 &= ~(0x01 << row);  // ?????
  20   2              
  21   2              _nop_(); _nop_(); _nop_(); _nop_();  // ??????
  22   2              
  23   2              for(col = 0; col < 3; col++) {
  24   3                  if(!(P1 & (0x10 << col))) {  // ?????
  25   4                      return keyMap[row][col];
  26   4                  }
  27   3              }
  28   2          }
  29   1          return KEY_NONE;
  30   1      }
  31          
  32          // ????????
  33          u8 Key_GetPressed(void) {
  34   1          u8 key = Key_Scan();
  35   1          if(key != KEY_NONE) {
  36   2              if(keyDebounce == 0) {
  37   3                  keyDebounce = 5;  // ????
  38   3                  keyState = key;
  39   3                  return key;
  40   3              }
  41   2          } else {
  42   2              if(keyDebounce > 0) keyDebounce--;
  43   2          }
  44   1          return KEY_NONE;
  45   1      }


MODULE INFORMATION:   STATIC OVERLAYABLE
   CODE SIZE        =    119    ----
   CONSTANT SIZE    =     12    ----
   XDATA SIZE       =   ----    ----
   PDATA SIZE       =   ----    ----
   DATA SIZE        =      2      12
   IDATA SIZE       =   ----    ----
C51 COMPILER V9.54   KEYPAD                                                                04/16/2026 20:49:28 PAGE 2   

   BIT SIZE         =   ----    ----
END OF MODULE INFORMATION.


C51 COMPILATION COMPLETE.  0 WARNING(S),  0 ERROR(S)
