BL51 BANKED LINKER/LOCATER V6.22                                                        04/16/2026  21:43:56  PAGE 1


BL51 BANKED LINKER/LOCATER V6.22, INVOKED BY:
D:\KEIL\C51\BIN\BL51.EXE .\Objects\main-1.obj, .\Objects\game.obj, .\Objects\LCD12864.obj, .\Objects\keypad.obj, .\Objec
>> ts\sound.obj, .\Objects\config.obj, .\Objects\eeprom.obj TO .\Objects\main-1 PRINT (.\Listings\main-1.m51)


MEMORY MODEL: SMALL


INPUT MODULES INCLUDED:
  .\Objects\main-1.obj (MAIN_1)
  .\Objects\game.obj (GAME)
  .\Objects\LCD12864.obj (LCD12864)
  .\Objects\keypad.obj (KEYPAD)
  .\Objects\sound.obj (SOUND)
  .\Objects\config.obj (CONFIG)
  .\Objects\eeprom.obj (EEPROM)
  D:\KEIL\C51\LIB\C51S.LIB (?C_STARTUP)
  D:\KEIL\C51\LIB\C51S.LIB (?C?COPY)
  D:\KEIL\C51\LIB\C51S.LIB (?C?CLDPTR)
  D:\KEIL\C51\LIB\C51S.LIB (?C?CLDOPTR)
  D:\KEIL\C51\LIB\C51S.LIB (?C?OFFXADD)
  D:\KEIL\C51\LIB\C51S.LIB (?C_INIT)


LINK MAP OF MODULE:  .\Objects\main-1 (MAIN_1)


            TYPE    BASE      LENGTH    RELOCATION   SEGMENT NAME
            -----------------------------------------------------

            * * * * * * *   D A T A   M E M O R Y   * * * * * * *
            REG     0000H     0008H     ABSOLUTE     "REG BANK 0"
            DATA    0008H     0015H     UNIT         _DATA_GROUP_
            DATA    001DH     000EH     UNIT         ?DT?GAME
            DATA    002BH     0006H     UNIT         ?DT?_LCD_DRAWFILLRECT?LCD12864
            DATA    0031H     0005H     UNIT         ?DT?_LCD_DISPLAYNUM?LCD12864
            DATA    0036H     0004H     UNIT         ?DT?SOUND
            DATA    003AH     0002H     UNIT         ?DT?MAIN_1
            DATA    003CH     0002H     UNIT         ?DT?KEYPAD
            DATA    003EH     0001H     UNIT         ?DT?_EEPROM_READBYTE?EEPROM
            IDATA   003FH     0001H     UNIT         ?STACK

            * * * * * * *  X D A T A   M E M O R Y  * * * * * * *
            XDATA   0000H     00D8H     UNIT         ?XD?GAME

            * * * * * * *   C O D E   M E M O R Y   * * * * * * *
            CODE    0000H     0003H     ABSOLUTE     
            CODE    0003H     0008H     UNIT         ?PR?LCD_WAITFREE?LCD12864
            CODE    000BH     0003H     ABSOLUTE     
            CODE    000EH     000DH     UNIT         ?PR?GAMEOVER_PROCESS?MAIN_1
            CODE    001BH     0003H     ABSOLUTE     
            CODE    001EH     0174H     UNIT         ?PR?BULLET_UPDATE?GAME
            CODE    0192H     0148H     UNIT         ?C?LIB_CODE
            CODE    02DAH     0138H     UNIT         ?PR?ENEMY_UPDATE?GAME
            CODE    0412H     0128H     UNIT         ?PR?_LCD_DRAWBITMAP?LCD12864
            CODE    053AH     010DH     UNIT         ?PR?_LCD_DRAWBITMAP16X16?LCD12864
            CODE    0647H     0107H     UNIT         ?PR?GAME_PROCESS?GAME
            CODE    074EH     00E0H     UNIT         ?PR?MENU_DRAW?MAIN_1
BL51 BANKED LINKER/LOCATER V6.22                                                      04/16/2026  21:43:56  PAGE 2


            CODE    082EH     00A7H     UNIT         ?PR?ENEMY_SPAWN?GAME
            CODE    08D5H     00A2H     UNIT         ?PR?_LCD_DRAWFILLRECT?LCD12864
            CODE    0977H     0094H     UNIT         ?PR?GAME_INIT?GAME
            CODE    0A0BH     008CH     UNIT         ?C_C51STARTUP
            CODE    0A97H     007EH     UNIT         ?PR?PLANT_SHOOT?GAME
            CODE    0B15H     006FH     UNIT         ?PR?_PLANT_PLACE?GAME
            CODE    0B84H     006BH     UNIT         ?PR?_BULLET_CREATE?GAME
            CODE    0BEFH     005AH     UNIT         ?PR?KEY_SCAN?KEYPAD
            CODE    0C49H     0047H     UNIT         ?PR?_LCD_DISPLAYSTRING?LCD12864
            CODE    0C90H     0043H     UNIT         ?PR?TIMER0_ISR?MAIN_1
            CODE    0CD3H     003FH     UNIT         ?C_INITSEG
            CODE    0D12H     003EH     UNIT         ?PR?MAIN?MAIN_1
            CODE    0D50H     0038H     UNIT         ?PR?_SOUND_PLAY?SOUND
            CODE    0D88H     002BH     UNIT         ?PR?LCD_CLEAR?LCD12864
            CODE    0DB3H     0029H     UNIT         ?PR?GAME_DRAW?GAME
            CODE    0DDCH     0028H     UNIT         ?CO?GAME
            CODE    0E04H     0027H     UNIT         ?CO?MAIN_1
            CODE    0E2BH     0027H     UNIT         ?PR?_EEPROM_READBYTE?EEPROM
            CODE    0E52H     0026H     UNIT         ?PR?MENU_PROCESS?MAIN_1
            CODE    0E78H     0026H     UNIT         ?PR?_I2C_SENDBYTE?EEPROM
            CODE    0E9EH     0022H     UNIT         ?PR?_EEPROM_WRITEBYTE?EEPROM
            CODE    0EC0H     0020H     UNIT         ?PR?_LCD_SELECTSCREEN?LCD12864
            CODE    0EE0H     001DH     UNIT         ?PR?KEY_GETPRESSED?KEYPAD
            CODE    0EFDH     001CH     UNIT         ?PR?LCD_INIT?LCD12864
            CODE    0F19H     001BH     UNIT         ?PR?_EEPROM_SAVESCORE?EEPROM
            CODE    0F34H     0018H     UNIT         ?PR?I2C_RECEIVEBYTE?EEPROM
            CODE    0F4CH     0013H     UNIT         ?PR?_LCD_SETCOL?LCD12864
            CODE    0F5FH     0012H     UNIT         ?PR?_LCD_WRITECMD?LCD12864
            CODE    0F71H     0012H     UNIT         ?PR?_LCD_WRITEDATA?LCD12864
            CODE    0F83H     0011H     UNIT         ?PR?SOUND_TICK?SOUND
            CODE    0F94H     000FH     UNIT         ?PR?I2C_START?EEPROM
            CODE    0FA3H     000DH     UNIT         ?PR?SOUND_STOP?SOUND
            CODE    0FB0H     000CH     UNIT         ?CO?KEYPAD
            CODE    0FBCH     000CH     UNIT         ?PR?I2C_STOP?EEPROM
            CODE    0FC8H     000BH     UNIT         ?PR?I2C_DELAY?EEPROM
            CODE    0FD3H     000AH     UNIT         ?PR?PAUSE_PROCESS?MAIN_1
            CODE    0FDDH     000AH     UNIT         ?CO?SOUND
            CODE    0FE7H     0009H     UNIT         ?PR?_LCD_SETPAGE?LCD12864
            CODE    0FF0H     0009H     UNIT         ?PR?_LCD_DISPLAYNUM?LCD12864
            CODE    0FF9H     0007H     UNIT         ?PR?COLLISION_CHECK?GAME
            CODE    1000H     0006H     UNIT         ?PR?SOUND_INIT?SOUND
            CODE    1006H     0003H     UNIT         ?PR?LCD_BUSY?LCD12864
            CODE    1009H     0003H     UNIT         ?PR?TIMER1_ISR?SOUND



OVERLAY MAP OF MODULE:   .\Objects\main-1 (MAIN_1)


SEGMENT                                     DATA_GROUP 
  +--> CALLED SEGMENT                     START    LENGTH
---------------------------------------------------------
?PR?TIMER0_ISR?MAIN_1                     -----    -----
  +--> ?PR?SOUND_TICK?SOUND

?PR?SOUND_TICK?SOUND                      -----    -----
  +--> ?PR?SOUND_STOP?SOUND
BL51 BANKED LINKER/LOCATER V6.22                                                      04/16/2026  21:43:56  PAGE 3



*** NEW ROOT ***************************************************

?C_C51STARTUP                             -----    -----
  +--> ?PR?MAIN?MAIN_1
  +--> ?C_INITSEG

?PR?MAIN?MAIN_1                           -----    -----
  +--> ?PR?LCD_INIT?LCD12864
  +--> ?PR?SOUND_INIT?SOUND
  +--> ?PR?MENU_DRAW?MAIN_1
  +--> ?PR?MENU_PROCESS?MAIN_1
  +--> ?PR?GAME_PROCESS?GAME
  +--> ?PR?PAUSE_PROCESS?MAIN_1
  +--> ?PR?GAMEOVER_PROCESS?MAIN_1

?PR?LCD_INIT?LCD12864                     -----    -----
  +--> ?PR?_LCD_WRITECMD?LCD12864
  +--> ?PR?LCD_CLEAR?LCD12864

?PR?_LCD_WRITECMD?LCD12864                -----    -----
  +--> ?PR?LCD_WAITFREE?LCD12864

?PR?LCD_CLEAR?LCD12864                    -----    -----
  +--> ?PR?_LCD_SETCOL?LCD12864
  +--> ?PR?_LCD_WRITEDATA?LCD12864
  +--> ?PR?_LCD_SELECTSCREEN?LCD12864

?PR?_LCD_SETCOL?LCD12864                  -----    -----
  +--> ?PR?_LCD_SELECTSCREEN?LCD12864
  +--> ?PR?_LCD_SETPAGE?LCD12864
  +--> ?PR?_LCD_WRITECMD?LCD12864

?PR?_LCD_SETPAGE?LCD12864                 -----    -----
  +--> ?PR?_LCD_WRITECMD?LCD12864

?PR?_LCD_WRITEDATA?LCD12864               -----    -----
  +--> ?PR?LCD_WAITFREE?LCD12864

?PR?MENU_DRAW?MAIN_1                      -----    -----
  +--> ?PR?LCD_CLEAR?LCD12864
  +--> ?PR?_LCD_DRAWBITMAP16X16?LCD12864
  +--> ?CO?MAIN_1
  +--> ?PR?_LCD_DISPLAYSTRING?LCD12864

?PR?_LCD_DRAWBITMAP16X16?LCD12864         0008H    000DH
  +--> ?PR?_LCD_SELECTSCREEN?LCD12864
  +--> ?PR?_LCD_SETPAGE?LCD12864
  +--> ?PR?_LCD_SETCOL?LCD12864
  +--> ?PR?_LCD_WRITEDATA?LCD12864

?PR?_LCD_DISPLAYSTRING?LCD12864           0008H    0005H
  +--> ?PR?_LCD_DRAWBITMAP?LCD12864

?PR?_LCD_DRAWBITMAP?LCD12864              000DH    0010H
  +--> ?PR?_LCD_SELECTSCREEN?LCD12864
  +--> ?PR?_LCD_SETPAGE?LCD12864
BL51 BANKED LINKER/LOCATER V6.22                                                      04/16/2026  21:43:56  PAGE 4


  +--> ?PR?_LCD_SETCOL?LCD12864
  +--> ?PR?_LCD_WRITEDATA?LCD12864

?PR?MENU_PROCESS?MAIN_1                   -----    -----
  +--> ?PR?KEY_GETPRESSED?KEYPAD
  +--> ?PR?GAME_INIT?GAME

?PR?KEY_GETPRESSED?KEYPAD                 -----    -----
  +--> ?PR?KEY_SCAN?KEYPAD

?PR?KEY_SCAN?KEYPAD                       0008H    000CH
  +--> ?CO?KEYPAD

?PR?GAME_INIT?GAME                        -----    -----
  +--> ?PR?LCD_CLEAR?LCD12864
  +--> ?PR?GAME_DRAW?GAME

?PR?GAME_DRAW?GAME                        -----    -----
  +--> ?PR?LCD_CLEAR?LCD12864
  +--> ?CO?GAME
  +--> ?PR?_LCD_DISPLAYSTRING?LCD12864

?PR?GAME_PROCESS?GAME                     -----    -----
  +--> ?PR?KEY_GETPRESSED?KEYPAD
  +--> ?CO?GAME
  +--> ?PR?_PLANT_PLACE?GAME
  +--> ?PR?ENEMY_UPDATE?GAME
  +--> ?PR?BULLET_UPDATE?GAME
  +--> ?PR?PLANT_SHOOT?GAME
  +--> ?PR?COLLISION_CHECK?GAME
  +--> ?PR?ENEMY_SPAWN?GAME
  +--> ?PR?_SOUND_PLAY?SOUND
  +--> ?PR?_EEPROM_SAVESCORE?EEPROM
  +--> ?PR?GAME_DRAW?GAME

?PR?_PLANT_PLACE?GAME                     0008H    0001H
  +--> ?CO?GAME
  +--> ?PR?_SOUND_PLAY?SOUND

?PR?_SOUND_PLAY?SOUND                     -----    -----
  +--> ?CO?SOUND

?PR?BULLET_UPDATE?GAME                    0008H    0002H
  +--> ?PR?_SOUND_PLAY?SOUND

?PR?PLANT_SHOOT?GAME                      0008H    0001H
  +--> ?CO?GAME
  +--> ?PR?_BULLET_CREATE?GAME

?PR?_EEPROM_SAVESCORE?EEPROM              0008H    0002H
  +--> ?PR?_EEPROM_WRITEBYTE?EEPROM

?PR?_EEPROM_WRITEBYTE?EEPROM              000AH    0002H
  +--> ?PR?I2C_START?EEPROM
  +--> ?PR?_I2C_SENDBYTE?EEPROM
  +--> ?PR?I2C_STOP?EEPROM

BL51 BANKED LINKER/LOCATER V6.22                                                      04/16/2026  21:43:56  PAGE 5


?PR?I2C_START?EEPROM                      -----    -----
  +--> ?PR?I2C_DELAY?EEPROM

?PR?_I2C_SENDBYTE?EEPROM                  -----    -----
  +--> ?PR?I2C_DELAY?EEPROM

?PR?I2C_STOP?EEPROM                       -----    -----
  +--> ?PR?I2C_DELAY?EEPROM

?PR?PAUSE_PROCESS?MAIN_1                  -----    -----
  +--> ?PR?KEY_GETPRESSED?KEYPAD

?PR?GAMEOVER_PROCESS?MAIN_1               -----    -----
  +--> ?PR?KEY_GETPRESSED?KEYPAD
  +--> ?PR?MENU_DRAW?MAIN_1



UNRESOLVED EXTERNAL SYMBOLS:
   ASCII_8X8
   CUSTOM_CHARS
   GAME_DESC_CHARS
   HISTORY_CHARS
   I2C_WAITACK



SYMBOL TABLE OF MODULE:  .\Objects\main-1 (MAIN_1)

  VALUE           TYPE          NAME
  ----------------------------------

  -------         MODULE        MAIN_1
  C:0000H         SYMBOL        _ICE_DUMMY_
  D:0090H         PUBLIC        P1
  D:00A0H         PUBLIC        P2
  D:00B0H         PUBLIC        P3
  C:0C90H         PUBLIC        Timer0_ISR
  B:00A8H.7       PUBLIC        EA
  C:074EH         PUBLIC        Menu_Draw
  C:0D12H         PUBLIC        main
  D:0089H         PUBLIC        TMOD
  C:0FD3H         PUBLIC        Pause_Process
  B:00A8H.1       PUBLIC        ET0
  D:008CH         PUBLIC        TH0
  D:008AH         PUBLIC        TL0
  B:0088H.4       PUBLIC        TR0
  C:0E52H         PUBLIC        Menu_Process
  C:000EH         PUBLIC        GameOver_Process
  D:003BH         PUBLIC        sysTick
  -------         PROC          TIMER0_ISR
  C:0C90H         LINE#         26
  C:0CADH         LINE#         28
  C:0CB0H         LINE#         29
  C:0CB3H         LINE#         31
  C:0CB5H         LINE#         32
  C:0CB8H         LINE#         33
BL51 BANKED LINKER/LOCATER V6.22                                                      04/16/2026  21:43:56  PAGE 6


  -------         ENDPROC       TIMER0_ISR
  -------         PROC          MENU_DRAW
  C:074EH         LINE#         41
  C:074EH         LINE#         42
  C:0751H         LINE#         45
  C:075EH         LINE#         46
  C:076BH         LINE#         47
  C:0778H         LINE#         48
  C:0785H         LINE#         49
  C:0792H         LINE#         50
  C:079FH         LINE#         53
  C:07ACH         LINE#         54
  C:07B9H         LINE#         55
  C:07C6H         LINE#         58
  C:07D3H         LINE#         59
  C:07E0H         LINE#         60
  C:07EDH         LINE#         61
  C:07FAH         LINE#         64
  C:0807H         LINE#         65
  C:0814H         LINE#         66
  C:0821H         LINE#         67
  -------         ENDPROC       MENU_DRAW
  -------         PROC          MENU_PROCESS
  -------         DO            
  D:0007H         SYMBOL        key
  D:003AH         SYMBOL        menuItem
  -------         ENDDO         
  C:0E52H         LINE#         76
  C:0E52H         LINE#         77
  C:0E55H         LINE#         80
  C:0E5FH         LINE#         81
  C:0E61H         LINE#         82
  C:0E6BH         LINE#         83
  C:0E6DH         LINE#         84
  C:0E70H         LINE#         85
  C:0E74H         LINE#         86
  C:0E77H         LINE#         87
  C:0E77H         LINE#         88
  C:0E77H         LINE#         89
  C:0E77H         LINE#         90
  C:0E77H         LINE#         91
  -------         ENDPROC       MENU_PROCESS
  -------         PROC          PAUSE_PROCESS
  C:0FD3H         LINE#         99
  C:0FD3H         LINE#         101
  C:0FD9H         LINE#         102
  C:0FDCH         LINE#         103
  C:0FDCH         LINE#         104
  -------         ENDPROC       PAUSE_PROCESS
  -------         PROC          GAMEOVER_PROCESS
  -------         DO            
  D:0007H         SYMBOL        key
  -------         ENDDO         
  C:000EH         LINE#         112
  C:000EH         LINE#         113
  C:0011H         LINE#         114
  C:0014H         LINE#         115
BL51 BANKED LINKER/LOCATER V6.22                                                      04/16/2026  21:43:56  PAGE 7


  C:0017H         LINE#         116
  C:001AH         LINE#         117
  C:001AH         LINE#         119
  C:001AH         LINE#         120
  -------         ENDPROC       GAMEOVER_PROCESS
  -------         PROC          MAIN
  C:0D12H         LINE#         128
  C:0D12H         LINE#         130
  C:0D15H         LINE#         132
  C:0D18H         LINE#         133
  C:0D1BH         LINE#         134
  C:0D1DH         LINE#         135
  C:0D1FH         LINE#         136
  C:0D21H         LINE#         139
  C:0D24H         LINE#         140
  C:0D27H         LINE#         142
  C:0D2AH         LINE#         143
  C:0D2DH         LINE#         146
  C:0D2DH         LINE#         147
  C:0D3CH         LINE#         148
  C:0D3CH         LINE#         149
  C:0D3FH         LINE#         150
  C:0D41H         LINE#         151
  C:0D41H         LINE#         152
  C:0D44H         LINE#         153
  C:0D46H         LINE#         154
  C:0D46H         LINE#         155
  C:0D49H         LINE#         156
  C:0D4BH         LINE#         157
  C:0D4BH         LINE#         158
  C:0D4EH         LINE#         159
  -------         ENDPROC       MAIN
  -------         ENDMOD        MAIN_1

  -------         MODULE        GAME
  C:0000H         SYMBOL        _ICE_DUMMY_
  X:0000H         PUBLIC        bullets
  D:0090H         PUBLIC        P1
  D:001EH         SYMBOL        sunGenTick
  D:00A0H         PUBLIC        P2
  D:00B0H         PUBLIC        P3
  D:001FH         PUBLIC        score
  D:0021H         PUBLIC        gameState
  C:0B84H         PUBLIC        _Bullet_Create
  C:0DEFH         PUBLIC        plantDB
  C:001EH         PUBLIC        Bullet_Update
  D:0022H         SYMBOL        bulletMoveTick
  D:0023H         PUBLIC        baseHP
  D:0024H         SYMBOL        shootTick
  C:0DFBH         PUBLIC        plantCost
  X:0028H         PUBLIC        map
  C:0647H         PUBLIC        Game_Process
  D:0025H         PUBLIC        cursorCol
  C:02DAH         PUBLIC        Enemy_Update
  D:0026H         SYMBOL        enemyMoveTick
  C:0B15H         PUBLIC        _Plant_Place
  D:0027H         PUBLIC        sunAmount
BL51 BANKED LINKER/LOCATER V6.22                                                      04/16/2026  21:43:56  PAGE 8


  D:0029H         PUBLIC        selectedPlant
  D:002AH         PUBLIC        cursorRow
  C:0DFEH         PUBLIC        plantMaxHP
  C:0E01H         PUBLIC        plantDamage
  X:00A0H         PUBLIC        enemies
  C:0DB3H         PUBLIC        Game_Draw
  C:082EH         PUBLIC        Enemy_Spawn
  C:0A97H         PUBLIC        Plant_Shoot
  C:0977H         PUBLIC        Game_Init
  C:0FF9H         PUBLIC        Collision_Check
  -------         PROC          _BULLET_CREATE
  D:0007H         SYMBOL        row
  D:0005H         SYMBOL        x
  D:0003H         SYMBOL        damage
  -------         DO            
  D:0006H         SYMBOL        i
  -------         ENDDO         
  C:0B84H         LINE#         44
  C:0B84H         LINE#         46
  C:0B86H         LINE#         47
  C:0B97H         LINE#         48
  C:0BA7H         LINE#         49
  C:0BB7H         LINE#         50
  C:0BC7H         LINE#         51
  C:0BD8H         LINE#         52
  C:0BE9H         LINE#         53
  C:0BEAH         LINE#         54
  C:0BEAH         LINE#         55
  C:0BEEH         LINE#         56
  -------         ENDPROC       _BULLET_CREATE
  -------         PROC          GAME_INIT
  -------         DO            
  D:0007H         SYMBOL        i
  D:0006H         SYMBOL        j
  -------         ENDDO         
  C:0977H         LINE#         59
  C:0977H         LINE#         63
  C:0979H         LINE#         64
  C:097BH         LINE#         65
  C:0992H         LINE#         66
  C:09A9H         LINE#         67
  C:09C0H         LINE#         68
  C:09C4H         LINE#         69
  C:09C8H         LINE#         72
  C:09DEH         LINE#         73
  C:09F4H         LINE#         75
  C:09FAH         LINE#         76
  C:09FFH         LINE#         77
  C:0A02H         LINE#         78
  C:0A05H         LINE#         80
  C:0A08H         LINE#         81
  -------         ENDPROC       GAME_INIT
  -------         PROC          GAME_PROCESS
  -------         DO            
  D:0007H         SYMBOL        key
  -------         ENDDO         
  C:0647H         LINE#         85
BL51 BANKED LINKER/LOCATER V6.22                                                      04/16/2026  21:43:56  PAGE 9


  C:0647H         LINE#         88
  C:0650H         LINE#         91
  C:0653H         LINE#         92
  C:067EH         LINE#         93
  C:0689H         LINE#         94
  C:0694H         LINE#         95
  C:069FH         LINE#         96
  C:06AAH         LINE#         97
  C:06AAH         LINE#         98
  C:06D5H         LINE#         99
  C:06D5H         LINE#         100
  C:06DEH         LINE#         101
  C:06DEH         LINE#         102
  C:06E0H         LINE#         103
  C:06E5H         LINE#         104
  C:06EAH         LINE#         105
  C:06EDH         LINE#         106
  C:06EDH         LINE#         109
  C:06F6H         LINE#         110
  C:06F9H         LINE#         111
  C:06FCH         LINE#         112
  C:06FCH         LINE#         113
  C:0705H         LINE#         114
  C:0708H         LINE#         115
  C:070BH         LINE#         116
  C:070BH         LINE#         117
  C:0714H         LINE#         118
  C:0717H         LINE#         119
  C:0722H         LINE#         120
  C:0722H         LINE#         121
  C:072BH         LINE#         122
  C:072EH         LINE#         124
  C:0731H         LINE#         125
  C:0731H         LINE#         128
  C:0734H         LINE#         131
  C:0737H         LINE#         134
  C:073BH         LINE#         135
  C:073EH         LINE#         136
  C:0743H         LINE#         137
  C:074AH         LINE#         138
  C:074AH         LINE#         141
  C:074DH         LINE#         142
  -------         ENDPROC       GAME_PROCESS
  -------         PROC          _PLANT_PLACE
  D:0008H         SYMBOL        row
  D:0005H         SYMBOL        col
  D:0003H         SYMBOL        type
  C:0B15H         LINE#         145
  C:0B17H         LINE#         146
  C:0B28H         LINE#         147
  C:0B32H         LINE#         148
  C:0B4AH         LINE#         149
  C:0B67H         LINE#         150
  C:0B7FH         LINE#         151
  C:0B83H         LINE#         152
  C:0B83H         LINE#         153
  -------         ENDPROC       _PLANT_PLACE
BL51 BANKED LINKER/LOCATER V6.22                                                      04/16/2026  21:43:56  PAGE 10


  -------         PROC          ENEMY_SPAWN
  -------         DO            
  D:001DH         SYMBOL        spawnTimer
  D:0007H         SYMBOL        i
  -------         ENDDO         
  C:082EH         LINE#         156
  C:082EH         LINE#         160
  C:083AH         LINE#         161
  C:083DH         LINE#         163
  C:083EH         LINE#         164
  C:084FH         LINE#         165
  C:0866H         LINE#         166
  C:0877H         LINE#         167
  C:0888H         LINE#         168
  C:0898H         LINE#         169
  C:08A9H         LINE#         170
  C:08B9H         LINE#         171
  C:08CAH         LINE#         172
  C:08CBH         LINE#         173
  C:08CBH         LINE#         174
  C:08D4H         LINE#         175
  -------         ENDPROC       ENEMY_SPAWN
  -------         PROC          ENEMY_UPDATE
  -------         DO            
  D:0007H         SYMBOL        i
  D:0006H         SYMBOL        gridCol
  -------         ENDDO         
  C:02DAH         LINE#         178
  C:02DAH         LINE#         182
  C:02DCH         LINE#         183
  C:02F0H         LINE#         185
  C:0304H         LINE#         187
  C:0306H         LINE#         188
  C:0308H         LINE#         189
  C:0318H         LINE#         190
  C:031BH         LINE#         191
  C:031BH         LINE#         193
  C:034DH         LINE#         194
  C:0366H         LINE#         195
  C:0376H         LINE#         196
  C:039CH         LINE#         197
  C:03C3H         LINE#         198
  C:03DAH         LINE#         199
  C:03DAH         LINE#         200
  C:03DAH         LINE#         201
  C:03DCH         LINE#         202
  C:0408H         LINE#         203
  C:0408H         LINE#         204
  C:0411H         LINE#         205
  -------         ENDPROC       ENEMY_UPDATE
  -------         PROC          BULLET_UPDATE
  -------         DO            
  D:0008H         SYMBOL        i
  D:0009H         SYMBOL        j
  D:0007H         SYMBOL        enemyX
  -------         ENDDO         
  C:001EH         LINE#         207
BL51 BANKED LINKER/LOCATER V6.22                                                      04/16/2026  21:43:56  PAGE 11


  C:001EH         LINE#         211
  C:0021H         LINE#         212
  C:0036H         LINE#         214
  C:0059H         LINE#         216
  C:006EH         LINE#         217
  C:007FH         LINE#         218
  C:0082H         LINE#         219
  C:0082H         LINE#         221
  C:0085H         LINE#         222
  C:009AH         LINE#         223
  C:00C1H         LINE#         225
  C:00D2H         LINE#         226
  C:0100H         LINE#         227
  C:012EH         LINE#         228
  C:013FH         LINE#         229
  C:0144H         LINE#         231
  C:0156H         LINE#         232
  C:0167H         LINE#         233
  C:0172H         LINE#         234
  C:0177H         LINE#         235
  C:0177H         LINE#         236
  C:0179H         LINE#         237
  C:0179H         LINE#         238
  C:0185H         LINE#         239
  C:0191H         LINE#         240
  -------         ENDPROC       BULLET_UPDATE
  -------         PROC          PLANT_SHOOT
  -------         DO            
  D:0008H         SYMBOL        i
  D:0004H         SYMBOL        j
  -------         ENDDO         
  C:0A97H         LINE#         241
  C:0A97H         LINE#         243
  C:0A9AH         LINE#         244
  C:0A9CH         LINE#         245
  C:0AB7H         LINE#         246
  C:0ADCH         LINE#         247
  C:0AF4H         LINE#         249
  C:0B07H         LINE#         250
  C:0B07H         LINE#         251
  C:0B07H         LINE#         252
  C:0B0BH         LINE#         253
  C:0B14H         LINE#         254
  -------         ENDPROC       PLANT_SHOOT
  -------         PROC          COLLISION_CHECK
  -------         DO            
  D:0007H         SYMBOL        i
  -------         ENDDO         
  C:0FF9H         LINE#         258
  C:0FF9H         LINE#         260
  C:0FFBH         LINE#         261
  C:0FFBH         LINE#         263
  C:0FFFH         LINE#         264
  -------         ENDPROC       COLLISION_CHECK
  -------         PROC          GAME_DRAW
  C:0DB3H         LINE#         267
  C:0DB3H         LINE#         269
BL51 BANKED LINKER/LOCATER V6.22                                                      04/16/2026  21:43:56  PAGE 12


  C:0DB6H         LINE#         271
  C:0DC2H         LINE#         273
  C:0DCFH         LINE#         275
  -------         ENDPROC       GAME_DRAW
  -------         ENDMOD        GAME

  -------         MODULE        LCD12864
  C:0000H         SYMBOL        _ICE_DUMMY_
  D:0080H         PUBLIC        P0
  C:0F56H         PUBLIC        _LCD_SetCol
  D:00A0H         PUBLIC        P2
  C:0C49H         PUBLIC        _LCD_DisplayString
  C:0D88H         PUBLIC        LCD_Clear
  C:0412H         PUBLIC        _LCD_DrawBitmap
  C:0F71H         PUBLIC        _LCD_WriteData
  C:0FF0H         PUBLIC        _LCD_DisplayNum
  C:0EFDH         PUBLIC        LCD_Init
  C:0003H         SYMBOL        LCD_WaitFree
  C:0F5FH         PUBLIC        _LCD_WriteCmd
  C:1006H         SYMBOL        LCD_Busy
  B:00A0H.0       PUBLIC        LCD_RS
  B:00A0H.1       PUBLIC        LCD_RW
  C:08D5H         PUBLIC        _LCD_DrawFillRect
  C:0FE7H         PUBLIC        _LCD_SetPage
  C:053AH         PUBLIC        _LCD_DrawBitmap16x16
  B:00A0H.2       PUBLIC        LCD_E
  B:00A0H.3       PUBLIC        LCD_CS1
  C:0EC0H         PUBLIC        _LCD_SelectScreen
  B:00A0H.4       PUBLIC        LCD_CS2
  -------         PROC          LCD_BUSY
  C:1006H         LINE#         6
  C:1006H         LINE#         8
  C:1008H         LINE#         9
  -------         ENDPROC       LCD_BUSY
  -------         PROC          LCD_WAITFREE
  -------         DO            
  D:0007H         SYMBOL        i
  -------         ENDDO         
  C:0003H         LINE#         12
  C:0003H         LINE#         15
  C:0005H         LINE#         16
  C:0006H         LINE#         17
  C:000AH         LINE#         18
  -------         ENDPROC       LCD_WAITFREE
  -------         PROC          _LCD_WRITECMD
  D:0006H         SYMBOL        cmd
  C:0F5FH         LINE#         20
  C:0F61H         LINE#         21
  C:0F64H         LINE#         22
  C:0F66H         LINE#         23
  C:0F68H         LINE#         24
  C:0F6AH         LINE#         25
  C:0F6CH         LINE#         26
  C:0F6EH         LINE#         27
  C:0F70H         LINE#         28
  -------         ENDPROC       _LCD_WRITECMD
  -------         PROC          _LCD_WRITEDATA
BL51 BANKED LINKER/LOCATER V6.22                                                      04/16/2026  21:43:56  PAGE 13


  D:0006H         SYMBOL        dat
  C:0F71H         LINE#         30
  C:0F73H         LINE#         31
  C:0F76H         LINE#         32
  C:0F78H         LINE#         33
  C:0F7AH         LINE#         34
  C:0F7CH         LINE#         35
  C:0F7EH         LINE#         36
  C:0F80H         LINE#         37
  C:0F82H         LINE#         38
  -------         ENDPROC       _LCD_WRITEDATA
  -------         PROC          _LCD_SETPAGE
  D:0007H         SYMBOL        page
  C:0FE7H         LINE#         40
  C:0FE7H         LINE#         41
  -------         ENDPROC       _LCD_SETPAGE
  -------         PROC          L?0093
  -------         ENDPROC       L?0093
  -------         PROC          _LCD_SETCOL
  D:0007H         SYMBOL        col
  C:0F56H         LINE#         44
  C:0F56H         LINE#         45
  -------         ENDPROC       _LCD_SETCOL
  -------         PROC          _LCD_SELECTSCREEN
  D:0007H         SYMBOL        screen
  C:0EC0H         LINE#         48
  C:0EC0H         LINE#         49
  C:0ECCH         LINE#         50
  C:0ED1H         LINE#         51
  C:0ED6H         LINE#         52
  C:0EDBH         LINE#         53
  C:0EDFH         LINE#         54
  C:0EDFH         LINE#         55
  -------         ENDPROC       _LCD_SELECTSCREEN
  -------         PROC          LCD_INIT
  C:0EFDH         LINE#         57
  C:0EFDH         LINE#         58
  C:0F01H         LINE#         59
  C:0F03H         LINE#         60
  C:0F07H         LINE#         61
  C:0F0CH         LINE#         62
  C:0F11H         LINE#         63
  C:0F16H         LINE#         64
  -------         ENDPROC       LCD_INIT
  -------         PROC          LCD_CLEAR
  -------         DO            
  D:0005H         SYMBOL        i
  D:0004H         SYMBOL        j
  -------         ENDDO         
  C:0D88H         LINE#         67
  C:0D88H         LINE#         69
  C:0D8AH         LINE#         70
  C:0D8CH         LINE#         71
  C:0D8CH         LINE#         72
  C:0D8FH         LINE#         73
  C:0D9AH         LINE#         75
  C:0D9CH         LINE#         76
BL51 BANKED LINKER/LOCATER V6.22                                                      04/16/2026  21:43:56  PAGE 14


  C:0D9CH         LINE#         77
  C:0D9FH         LINE#         78
  C:0DAAH         LINE#         79
  C:0DAEH         LINE#         80
  -------         ENDPROC       LCD_CLEAR
  -------         PROC          _LCD_DRAWBITMAP16X16
  D:0008H         SYMBOL        x
  D:0009H         SYMBOL        y
  D:000AH         SYMBOL        bitmap
  -------         DO            
  D:000DH         SYMBOL        page
  D:000EH         SYMBOL        col
  D:000FH         SYMBOL        i
  D:0005H         SYMBOL        pixelX
  D:0010H         SYMBOL        dat
  D:0005H         SYMBOL        startPage
  D:0011H         SYMBOL        endPage
  -------         DO            
  D:0012H         SYMBOL        pixelY
  D:0013H         SYMBOL        byteIdx
  D:0014H         SYMBOL        bitIdx
  -------         ENDDO         
  -------         ENDDO         
  C:053AH         LINE#         86
  C:0544H         LINE#         90
  C:054CH         LINE#         91
  C:0560H         LINE#         93
  C:0576H         LINE#         94
  C:0579H         LINE#         95
  C:057EH         LINE#         96
  C:0586H         LINE#         98
  C:0590H         LINE#         99
  C:0595H         LINE#         101
  C:059AH         LINE#         102
  C:05A1H         LINE#         104
  C:05A4H         LINE#         105
  C:05A6H         LINE#         107
  C:05B0H         LINE#         108
  C:05CAH         LINE#         109
  C:05DCH         LINE#         110
  C:05E7H         LINE#         111
  C:0612H         LINE#         112
  C:0621H         LINE#         113
  C:0621H         LINE#         114
  C:062CH         LINE#         115
  C:0631H         LINE#         116
  C:063DH         LINE#         117
  C:0642H         LINE#         118
  -------         ENDPROC       _LCD_DRAWBITMAP16X16
  -------         PROC          _LCD_DRAWBITMAP
  D:000DH         SYMBOL        x
  D:000EH         SYMBOL        y
  D:000FH         SYMBOL        w
  D:0010H         SYMBOL        h
  D:0011H         SYMBOL        bitmap
  -------         DO            
  D:0014H         SYMBOL        page
BL51 BANKED LINKER/LOCATER V6.22                                                      04/16/2026  21:43:56  PAGE 15


  D:0015H         SYMBOL        col
  D:0016H         SYMBOL        i
  D:0005H         SYMBOL        pixelX
  D:0017H         SYMBOL        dat
  D:0005H         SYMBOL        startPage
  D:0018H         SYMBOL        endPage
  D:0019H         SYMBOL        bytePerRow
  -------         DO            
  D:001AH         SYMBOL        pixelY
  D:001BH         SYMBOL        byteIdx
  D:001CH         SYMBOL        bitIdx
  -------         ENDDO         
  -------         ENDDO         
  C:0412H         LINE#         122
  C:0418H         LINE#         126
  C:042CH         LINE#         127
  C:0434H         LINE#         128
  C:044EH         LINE#         130
  C:0464H         LINE#         131
  C:0471H         LINE#         132
  C:0476H         LINE#         133
  C:047EH         LINE#         135
  C:0488H         LINE#         136
  C:048DH         LINE#         138
  C:0492H         LINE#         139
  C:0499H         LINE#         141
  C:049CH         LINE#         142
  C:049EH         LINE#         144
  C:04A8H         LINE#         145
  C:04C2H         LINE#         146
  C:04D6H         LINE#         147
  C:04E1H         LINE#         148
  C:050CH         LINE#         149
  C:051BH         LINE#         150
  C:051BH         LINE#         151
  C:0526H         LINE#         152
  C:052BH         LINE#         153
  C:0530H         LINE#         154
  C:0535H         LINE#         155
  -------         ENDPROC       _LCD_DRAWBITMAP
  -------         PROC          _LCD_DRAWFILLRECT
  D:002BH         SYMBOL        x
  D:0005H         SYMBOL        y
  D:002DH         SYMBOL        w
  D:002EH         SYMBOL        h
  D:002FH         SYMBOL        pattern
  -------         DO            
  D:0004H         SYMBOL        page
  D:0003H         SYMBOL        col
  D:0002H         SYMBOL        pixelX
  D:0007H         SYMBOL        dat
  D:0030H         SYMBOL        startPage
  D:0001H         SYMBOL        endPage
  -------         ENDDO         
  C:08D5H         LINE#         159
  C:08D9H         LINE#         163
  C:08E1H         LINE#         164
BL51 BANKED LINKER/LOCATER V6.22                                                      04/16/2026  21:43:56  PAGE 16


  C:08F9H         LINE#         166
  C:0906H         LINE#         167
  C:090EH         LINE#         168
  C:0912H         LINE#         169
  C:0917H         LINE#         171
  C:0921H         LINE#         172
  C:0926H         LINE#         174
  C:092BH         LINE#         175
  C:0932H         LINE#         177
  C:0934H         LINE#         178
  C:093EH         LINE#         179
  C:094AH         LINE#         180
  C:0958H         LINE#         181
  C:0969H         LINE#         182
  C:0969H         LINE#         183
  C:096CH         LINE#         184
  C:096FH         LINE#         185
  C:0972H         LINE#         186
  -------         ENDPROC       _LCD_DRAWFILLRECT
  -------         PROC          _LCD_DISPLAYNUM
  D:0031H         SYMBOL        x
  D:0032H         SYMBOL        y
  D:0033H         SYMBOL        num
  D:0035H         SYMBOL        len
  C:0FF0H         LINE#         190
  C:0FF8H         LINE#         192
  -------         ENDPROC       _LCD_DISPLAYNUM
  -------         PROC          _LCD_DISPLAYSTRING
  D:0008H         SYMBOL        x
  D:0009H         SYMBOL        y
  D:000AH         SYMBOL        str
  C:0C49H         LINE#         195
  C:0C53H         LINE#         196
  C:0C5EH         LINE#         197
  C:0C7CH         LINE#         198
  C:0C82H         LINE#         199
  C:0C8DH         LINE#         200
  C:0C8FH         LINE#         201
  -------         ENDPROC       _LCD_DISPLAYSTRING
  -------         ENDMOD        LCD12864

  -------         MODULE        KEYPAD
  C:0000H         SYMBOL        _ICE_DUMMY_
  D:0090H         PUBLIC        P1
  C:0EE0H         PUBLIC        Key_GetPressed
  C:0BEFH         PUBLIC        Key_Scan
  C:0FB0H         SYMBOL        _?ix1000
  D:003CH         SYMBOL        keyState
  D:003DH         SYMBOL        keyDebounce
  -------         PROC          KEY_SCAN
  -------         DO            
  D:0005H         SYMBOL        row
  D:0004H         SYMBOL        col
  D:0008H         SYMBOL        keyMap
  -------         ENDDO         
  C:0BEFH         LINE#         7
  C:0BEFH         LINE#         9
BL51 BANKED LINKER/LOCATER V6.22                                                      04/16/2026  21:43:56  PAGE 17


  C:0C02H         LINE#         16
  C:0C04H         LINE#         18
  C:0C07H         LINE#         19
  C:0C15H         LINE#         21
  C:0C19H         LINE#         23
  C:0C1BH         LINE#         24
  C:0C32H         LINE#         25
  C:0C3EH         LINE#         26
  C:0C3EH         LINE#         27
  C:0C42H         LINE#         28
  C:0C46H         LINE#         29
  C:0C48H         LINE#         30
  -------         ENDPROC       KEY_SCAN
  -------         PROC          KEY_GETPRESSED
  -------         DO            
  D:0007H         SYMBOL        key
  -------         ENDDO         
  C:0EE0H         LINE#         33
  C:0EE0H         LINE#         34
  C:0EE3H         LINE#         35
  C:0EE7H         LINE#         36
  C:0EEBH         LINE#         37
  C:0EEEH         LINE#         38
  C:0EF0H         LINE#         39
  C:0EF1H         LINE#         40
  C:0EF1H         LINE#         41
  C:0EF1H         LINE#         42
  C:0EFAH         LINE#         43
  C:0EFAH         LINE#         44
  C:0EFCH         LINE#         45
  -------         ENDPROC       KEY_GETPRESSED
  -------         ENDMOD        KEYPAD

  -------         MODULE        SOUND
  C:0000H         SYMBOL        _ICE_DUMMY_
  C:1000H         PUBLIC        Sound_Init
  D:00B0H         PUBLIC        P3
  C:1009H         PUBLIC        Timer1_ISR
  C:0D50H         PUBLIC        _Sound_Play
  D:0036H         SYMBOL        soundPlaying
  B:00A8H.7       PUBLIC        EA
  D:0037H         SYMBOL        currentSound
  C:0FA3H         PUBLIC        Sound_Stop
  C:0FDDH         SYMBOL        freqTable
  B:00B0H.4       PUBLIC        BEEP
  D:0038H         SYMBOL        soundTimer
  D:0089H         PUBLIC        TMOD
  B:00A8H.3       PUBLIC        ET1
  D:008DH         PUBLIC        TH1
  D:008BH         PUBLIC        TL1
  B:0088H.6       PUBLIC        TR1
  D:0039H         SYMBOL        soundDuration
  C:0F83H         PUBLIC        Sound_Tick
  -------         PROC          SOUND_INIT
  C:1000H         LINE#         17
  C:1000H         LINE#         18
  C:1003H         LINE#         19
BL51 BANKED LINKER/LOCATER V6.22                                                      04/16/2026  21:43:56  PAGE 18


  C:1005H         LINE#         20
  -------         ENDPROC       SOUND_INIT
  -------         PROC          _SOUND_PLAY
  D:0007H         SYMBOL        type
  C:0D50H         LINE#         22
  C:0D50H         LINE#         23
  C:0D56H         LINE#         25
  C:0D58H         LINE#         26
  C:0D5BH         LINE#         27
  C:0D5EH         LINE#         28
  C:0D61H         LINE#         31
  C:0D71H         LINE#         32
  C:0D81H         LINE#         33
  C:0D83H         LINE#         34
  C:0D85H         LINE#         35
  C:0D87H         LINE#         36
  -------         ENDPROC       _SOUND_PLAY
  -------         PROC          SOUND_STOP
  C:0FA3H         LINE#         38
  C:0FA3H         LINE#         39
  C:0FA5H         LINE#         40
  C:0FA7H         LINE#         41
  C:0FA9H         LINE#         42
  C:0FACH         LINE#         43
  C:0FAFH         LINE#         44
  -------         ENDPROC       SOUND_STOP
  -------         PROC          TIMER1_ISR
  C:1009H         LINE#         47
  C:1009H         LINE#         48
  C:100BH         LINE#         49
  -------         ENDPROC       TIMER1_ISR
  -------         PROC          SOUND_TICK
  C:0F83H         LINE#         52
  C:0F83H         LINE#         53
  C:0F87H         LINE#         54
  C:0F89H         LINE#         55
  C:0F90H         LINE#         56
  C:0F93H         LINE#         57
  C:0F93H         LINE#         58
  C:0F93H         LINE#         59
  -------         ENDPROC       SOUND_TICK
  -------         ENDMOD        SOUND

  -------         MODULE        CONFIG
  C:0000H         SYMBOL        _ICE_DUMMY_
  -------         ENDMOD        CONFIG

  -------         MODULE        EEPROM
  C:0000H         SYMBOL        _ICE_DUMMY_
  D:00B0H         PUBLIC        P3
  C:0FCEH         SYMBOL        I2C_Delay
  C:0F94H         PUBLIC        I2C_Start
  C:0F19H         PUBLIC        _EEPROM_SaveScore
  C:0E2BH         PUBLIC        _EEPROM_ReadByte
  C:0E78H         PUBLIC        _I2C_SendByte
  C:0FBCH         PUBLIC        I2C_Stop
  C:0E9EH         PUBLIC        _EEPROM_WriteByte
BL51 BANKED LINKER/LOCATER V6.22                                                      04/16/2026  21:43:56  PAGE 19


  B:00B0H.5       PUBLIC        SDA
  B:00B0H.6       PUBLIC        SCL
  C:0F34H         PUBLIC        I2C_ReceiveByte
  -------         PROC          L?0015
  -------         ENDPROC       L?0015
  -------         PROC          I2C_DELAY
  C:0FCEH         LINE#         7
  C:0FCEH         LINE#         8
  C:0FD2H         LINE#         9
  -------         ENDPROC       I2C_DELAY
  -------         PROC          I2C_START
  C:0F94H         LINE#         11
  C:0F94H         LINE#         12
  C:0F9BH         LINE#         13
  C:0FA0H         LINE#         14
  C:0FA2H         LINE#         15
  -------         ENDPROC       I2C_START
  -------         PROC          I2C_STOP
  C:0FBCH         LINE#         17
  C:0FBCH         LINE#         18
  C:0FC3H         LINE#         19
  -------         ENDPROC       I2C_STOP
  -------         PROC          _I2C_SENDBYTE
  D:0007H         SYMBOL        dat
  -------         DO            
  D:0006H         SYMBOL        i
  -------         ENDDO         
  C:0E78H         LINE#         22
  C:0E78H         LINE#         24
  C:0E7AH         LINE#         25
  C:0E88H         LINE#         26
  C:0E88H         LINE#         27
  C:0E8BH         LINE#         28
  C:0E90H         LINE#         29
  C:0E94H         LINE#         30
  C:0E9BH         LINE#         31
  C:0E9DH         LINE#         32
  -------         ENDPROC       _I2C_SENDBYTE
  -------         PROC          I2C_RECEIVEBYTE
  -------         DO            
  D:0006H         SYMBOL        i
  D:0007H         SYMBOL        dat
  -------         ENDDO         
  C:0F34H         LINE#         34
  C:0F34H         LINE#         35
  C:0F36H         LINE#         36
  C:0F38H         LINE#         37
  C:0F39H         LINE#         38
  C:0F39H         LINE#         39
  C:0F3CH         LINE#         40
  C:0F42H         LINE#         41
  C:0F47H         LINE#         42
  C:0F4BH         LINE#         43
  C:0F4BH         LINE#         44
  -------         ENDPROC       I2C_RECEIVEBYTE
  -------         PROC          _EEPROM_WRITEBYTE
  D:000AH         SYMBOL        addr
BL51 BANKED LINKER/LOCATER V6.22                                                      04/16/2026  21:43:56  PAGE 20


  D:000BH         SYMBOL        dat
  C:0E9EH         LINE#         46
  C:0EA2H         LINE#         47
  C:0EA5H         LINE#         48
  C:0EAAH         LINE#         49
  C:0EADH         LINE#         50
  C:0EB2H         LINE#         51
  C:0EB5H         LINE#         52
  C:0EBAH         LINE#         53
  C:0EBDH         LINE#         54
  -------         ENDPROC       _EEPROM_WRITEBYTE
  -------         PROC          _EEPROM_READBYTE
  D:003EH         SYMBOL        addr
  -------         DO            
  D:0007H         SYMBOL        dat
  -------         ENDDO         
  C:0E2BH         LINE#         57
  C:0E2DH         LINE#         59
  C:0E30H         LINE#         60
  C:0E35H         LINE#         61
  C:0E38H         LINE#         62
  C:0E3DH         LINE#         63
  C:0E40H         LINE#         64
  C:0E43H         LINE#         65
  C:0E48H         LINE#         66
  C:0E4BH         LINE#         67
  C:0E4EH         LINE#         68
  C:0E51H         LINE#         69
  C:0E51H         LINE#         70
  -------         ENDPROC       _EEPROM_READBYTE
  -------         PROC          _EEPROM_SAVESCORE
  D:0008H         SYMBOL        score
  C:0F19H         LINE#         72
  C:0F1DH         LINE#         73
  C:0F25H         LINE#         74
  C:0F2DH         LINE#         75
  -------         ENDPROC       _EEPROM_SAVESCORE
  -------         ENDMOD        EEPROM

  -------         MODULE        ?C?COPY
  C:0262H         PUBLIC        ?C?COPY
  -------         ENDMOD        ?C?COPY

  -------         MODULE        ?C?CLDPTR
  C:0288H         PUBLIC        ?C?CLDPTR
  -------         ENDMOD        ?C?CLDPTR

  -------         MODULE        ?C?CLDOPTR
  C:02A1H         PUBLIC        ?C?CLDOPTR
  -------         ENDMOD        ?C?CLDOPTR

  -------         MODULE        ?C?OFFXADD
  C:02CEH         PUBLIC        ?C?OFFXADD
  -------         ENDMOD        ?C?OFFXADD

*** WARNING L16: UNCALLED SEGMENT, IGNORED FOR OVERLAY PROCESS
    SEGMENT: ?PR?LCD_BUSY?LCD12864
BL51 BANKED LINKER/LOCATER V6.22                                                      04/16/2026  21:43:56  PAGE 21



*** WARNING L16: UNCALLED SEGMENT, IGNORED FOR OVERLAY PROCESS
    SEGMENT: ?PR?_LCD_DRAWFILLRECT?LCD12864

*** WARNING L16: UNCALLED SEGMENT, IGNORED FOR OVERLAY PROCESS
    SEGMENT: ?PR?_LCD_DISPLAYNUM?LCD12864

*** WARNING L16: UNCALLED SEGMENT, IGNORED FOR OVERLAY PROCESS
    SEGMENT: ?PR?_EEPROM_READBYTE?EEPROM

*** WARNING L1: UNRESOLVED EXTERNAL SYMBOL
    SYMBOL:  HISTORY_CHARS
    MODULE:  .\Objects\main-1.obj (MAIN_1)

*** WARNING L1: UNRESOLVED EXTERNAL SYMBOL
    SYMBOL:  GAME_DESC_CHARS
    MODULE:  .\Objects\main-1.obj (MAIN_1)

*** WARNING L1: UNRESOLVED EXTERNAL SYMBOL
    SYMBOL:  CUSTOM_CHARS
    MODULE:  .\Objects\main-1.obj (MAIN_1)

*** WARNING L2: REFERENCE MADE TO UNRESOLVED EXTERNAL
    SYMBOL:  CUSTOM_CHARS
    MODULE:  .\Objects\main-1.obj (MAIN_1)
    ADDRESS: 0754H

*** WARNING L2: REFERENCE MADE TO UNRESOLVED EXTERNAL
    SYMBOL:  CUSTOM_CHARS
    MODULE:  .\Objects\main-1.obj (MAIN_1)
    ADDRESS: 0756H

*** WARNING L2: REFERENCE MADE TO UNRESOLVED EXTERNAL
    SYMBOL:  CUSTOM_CHARS
    MODULE:  .\Objects\main-1.obj (MAIN_1)
    ADDRESS: 0761H

*** WARNING L2: REFERENCE MADE TO UNRESOLVED EXTERNAL
    SYMBOL:  CUSTOM_CHARS
    MODULE:  .\Objects\main-1.obj (MAIN_1)
    ADDRESS: 0763H

*** WARNING L2: REFERENCE MADE TO UNRESOLVED EXTERNAL
    SYMBOL:  CUSTOM_CHARS
    MODULE:  .\Objects\main-1.obj (MAIN_1)
    ADDRESS: 076EH

*** WARNING L2: REFERENCE MADE TO UNRESOLVED EXTERNAL
    SYMBOL:  CUSTOM_CHARS
    MODULE:  .\Objects\main-1.obj (MAIN_1)
    ADDRESS: 0770H

*** WARNING L2: REFERENCE MADE TO UNRESOLVED EXTERNAL
    SYMBOL:  CUSTOM_CHARS
    MODULE:  .\Objects\main-1.obj (MAIN_1)
    ADDRESS: 077BH

BL51 BANKED LINKER/LOCATER V6.22                                                      04/16/2026  21:43:56  PAGE 22


*** WARNING L2: REFERENCE MADE TO UNRESOLVED EXTERNAL
    SYMBOL:  CUSTOM_CHARS
    MODULE:  .\Objects\main-1.obj (MAIN_1)
    ADDRESS: 077DH

*** WARNING L2: REFERENCE MADE TO UNRESOLVED EXTERNAL
    SYMBOL:  CUSTOM_CHARS
    MODULE:  .\Objects\main-1.obj (MAIN_1)
    ADDRESS: 0788H

*** WARNING L2: REFERENCE MADE TO UNRESOLVED EXTERNAL
    SYMBOL:  CUSTOM_CHARS
    MODULE:  .\Objects\main-1.obj (MAIN_1)
    ADDRESS: 078AH

*** WARNING L2: REFERENCE MADE TO UNRESOLVED EXTERNAL
    SYMBOL:  CUSTOM_CHARS
    MODULE:  .\Objects\main-1.obj (MAIN_1)
    ADDRESS: 0795H

*** WARNING L2: REFERENCE MADE TO UNRESOLVED EXTERNAL
    SYMBOL:  CUSTOM_CHARS
    MODULE:  .\Objects\main-1.obj (MAIN_1)
    ADDRESS: 0797H

*** WARNING L2: REFERENCE MADE TO UNRESOLVED EXTERNAL
    SYMBOL:  HISTORY_CHARS
    MODULE:  .\Objects\main-1.obj (MAIN_1)
    ADDRESS: 07C9H

*** WARNING L2: REFERENCE MADE TO UNRESOLVED EXTERNAL
    SYMBOL:  HISTORY_CHARS
    MODULE:  .\Objects\main-1.obj (MAIN_1)
    ADDRESS: 07CBH

*** WARNING L2: REFERENCE MADE TO UNRESOLVED EXTERNAL
    SYMBOL:  HISTORY_CHARS
    MODULE:  .\Objects\main-1.obj (MAIN_1)
    ADDRESS: 07D6H

*** WARNING L2: REFERENCE MADE TO UNRESOLVED EXTERNAL
    SYMBOL:  HISTORY_CHARS
    MODULE:  .\Objects\main-1.obj (MAIN_1)
    ADDRESS: 07D8H

*** WARNING L2: REFERENCE MADE TO UNRESOLVED EXTERNAL
    SYMBOL:  HISTORY_CHARS
    MODULE:  .\Objects\main-1.obj (MAIN_1)
    ADDRESS: 07E3H

*** WARNING L2: REFERENCE MADE TO UNRESOLVED EXTERNAL
    SYMBOL:  HISTORY_CHARS
    MODULE:  .\Objects\main-1.obj (MAIN_1)
    ADDRESS: 07E5H

*** WARNING L2: REFERENCE MADE TO UNRESOLVED EXTERNAL
    SYMBOL:  HISTORY_CHARS
BL51 BANKED LINKER/LOCATER V6.22                                                      04/16/2026  21:43:56  PAGE 23


    MODULE:  .\Objects\main-1.obj (MAIN_1)
    ADDRESS: 07F0H

*** WARNING L2: REFERENCE MADE TO UNRESOLVED EXTERNAL
    SYMBOL:  HISTORY_CHARS
    MODULE:  .\Objects\main-1.obj (MAIN_1)
    ADDRESS: 07F2H

*** WARNING L2: REFERENCE MADE TO UNRESOLVED EXTERNAL
    SYMBOL:  GAME_DESC_CHARS
    MODULE:  .\Objects\main-1.obj (MAIN_1)
    ADDRESS: 07FDH

*** WARNING L2: REFERENCE MADE TO UNRESOLVED EXTERNAL
    SYMBOL:  GAME_DESC_CHARS
    MODULE:  .\Objects\main-1.obj (MAIN_1)
    ADDRESS: 07FFH

*** WARNING L2: REFERENCE MADE TO UNRESOLVED EXTERNAL
    SYMBOL:  GAME_DESC_CHARS
    MODULE:  .\Objects\main-1.obj (MAIN_1)
    ADDRESS: 080AH

*** WARNING L2: REFERENCE MADE TO UNRESOLVED EXTERNAL
    SYMBOL:  GAME_DESC_CHARS
    MODULE:  .\Objects\main-1.obj (MAIN_1)
    ADDRESS: 080CH

*** WARNING L2: REFERENCE MADE TO UNRESOLVED EXTERNAL
    SYMBOL:  GAME_DESC_CHARS
    MODULE:  .\Objects\main-1.obj (MAIN_1)
    ADDRESS: 0817H

*** WARNING L2: REFERENCE MADE TO UNRESOLVED EXTERNAL
    SYMBOL:  GAME_DESC_CHARS
    MODULE:  .\Objects\main-1.obj (MAIN_1)
    ADDRESS: 0819H

*** WARNING L2: REFERENCE MADE TO UNRESOLVED EXTERNAL
    SYMBOL:  GAME_DESC_CHARS
    MODULE:  .\Objects\main-1.obj (MAIN_1)
    ADDRESS: 0824H

*** WARNING L2: REFERENCE MADE TO UNRESOLVED EXTERNAL
    SYMBOL:  GAME_DESC_CHARS
    MODULE:  .\Objects\main-1.obj (MAIN_1)
    ADDRESS: 0826H

*** WARNING L1: UNRESOLVED EXTERNAL SYMBOL
    SYMBOL:  ASCII_8X8
    MODULE:  .\Objects\LCD12864.obj (LCD12864)

*** WARNING L2: REFERENCE MADE TO UNRESOLVED EXTERNAL
    SYMBOL:  ASCII_8X8
    MODULE:  .\Objects\LCD12864.obj (LCD12864)
    ADDRESS: 0C63H

BL51 BANKED LINKER/LOCATER V6.22                                                      04/16/2026  21:43:56  PAGE 24


*** WARNING L2: REFERENCE MADE TO UNRESOLVED EXTERNAL
    SYMBOL:  ASCII_8X8
    MODULE:  .\Objects\LCD12864.obj (LCD12864)
    ADDRESS: 0C66H

*** WARNING L1: UNRESOLVED EXTERNAL SYMBOL
    SYMBOL:  I2C_WAITACK
    MODULE:  .\Objects\eeprom.obj (EEPROM)

*** WARNING L2: REFERENCE MADE TO UNRESOLVED EXTERNAL
    SYMBOL:  I2C_WAITACK
    MODULE:  .\Objects\eeprom.obj (EEPROM)
    ADDRESS: 0EABH

*** WARNING L2: REFERENCE MADE TO UNRESOLVED EXTERNAL
    SYMBOL:  I2C_WAITACK
    MODULE:  .\Objects\eeprom.obj (EEPROM)
    ADDRESS: 0EB3H

*** WARNING L2: REFERENCE MADE TO UNRESOLVED EXTERNAL
    SYMBOL:  I2C_WAITACK
    MODULE:  .\Objects\eeprom.obj (EEPROM)
    ADDRESS: 0EBBH

*** WARNING L2: REFERENCE MADE TO UNRESOLVED EXTERNAL
    SYMBOL:  I2C_WAITACK
    MODULE:  .\Objects\eeprom.obj (EEPROM)
    ADDRESS: 0E36H

*** WARNING L2: REFERENCE MADE TO UNRESOLVED EXTERNAL
    SYMBOL:  I2C_WAITACK
    MODULE:  .\Objects\eeprom.obj (EEPROM)
    ADDRESS: 0E3EH

*** WARNING L2: REFERENCE MADE TO UNRESOLVED EXTERNAL
    SYMBOL:  I2C_WAITACK
    MODULE:  .\Objects\eeprom.obj (EEPROM)
    ADDRESS: 0E49H

Program Size: data=64.0 xdata=216 code=4108
LINK/LOCATE RUN COMPLETE.  45 WARNING(S),  0 ERROR(S)
