BL51 BANKED LINKER/LOCATER V6.22                                                        04/16/2026  12:53:26  PAGE 1


BL51 BANKED LINKER/LOCATER V6.22, INVOKED BY:
D:\KEIL\C51\BIN\BL51.EXE .\Objects\main.obj TO .\Objects\mian PRINT (.\Listings\mian.m51)


MEMORY MODEL: SMALL


INPUT MODULES INCLUDED:
  .\Objects\main.obj (MAIN)
  D:\KEIL\C51\LIB\C51S.LIB (?C_STARTUP)
  D:\KEIL\C51\LIB\C51S.LIB (?C?COPY)
  D:\KEIL\C51\LIB\C51S.LIB (?C?CLDPTR)
  D:\KEIL\C51\LIB\C51S.LIB (?C?IMUL)
  D:\KEIL\C51\LIB\C51S.LIB (?C?UIDIV)
  D:\KEIL\C51\LIB\C51S.LIB (?C?LMUL)
  D:\KEIL\C51\LIB\C51S.LIB (?C?CCASE)
  D:\KEIL\C51\LIB\C51S.LIB (?C_INIT)


LINK MAP OF MODULE:  .\Objects\mian (MAIN)


            TYPE    BASE      LENGTH    RELOCATION   SEGMENT NAME
            -----------------------------------------------------

            * * * * * * *   D A T A   M E M O R Y   * * * * * * *
            REG     0000H     0008H     ABSOLUTE     "REG BANK 0"
            DATA    0008H     0016H     UNIT         ?DT?MAIN
            DATA    001EH     0016H     UNIT         _DATA_GROUP_
            IDATA   0034H     0001H     UNIT         ?STACK

            * * * * * * *  X D A T A   M E M O R Y  * * * * * * *
            XDATA   0000H     00C6H     UNIT         ?XD?MAIN

            * * * * * * *   C O D E   M E M O R Y   * * * * * * *
            CODE    0000H     0003H     ABSOLUTE     
                    0003H     0008H                  *** GAP ***
            CODE    000BH     0003H     ABSOLUTE     
            CODE    000EH     04B1H     UNIT         ?CO?MAIN
            CODE    04BFH     022DH     UNIT         ?PR?TOWER_ATTACK?MAIN
            CODE    06ECH     01EBH     UNIT         ?C?LIB_CODE
            CODE    08D7H     019BH     UNIT         ?PR?DRAW_GAME_SCREEN?MAIN
            CODE    0A72H     0170H     UNIT         ?PR?ENEMY_UPDATE?MAIN
            CODE    0BE2H     0143H     UNIT         ?PR?GAME_RUN_KEY_HANDLE?MAIN
            CODE    0D25H     0131H     UNIT         ?PR?ENEMY_SPAWN?MAIN
            CODE    0E56H     0106H     UNIT         ?PR?BULLET_UPDATE?MAIN
            CODE    0F5CH     00C1H     UNIT         ?PR?GAME_INIT?MAIN
            CODE    101DH     00BBH     UNIT         ?PR?MENU_KEY_HANDLE?MAIN
            CODE    10D8H     00B6H     UNIT         ?PR?KEY_SCAN?MAIN
            CODE    118EH     00AEH     UNIT         ?PR?_LCD_SHOW_CHAR?MAIN
            CODE    123CH     009DH     UNIT         ?PR?DRAW_HISTORY?MAIN
            CODE    12D9H     008CH     UNIT         ?C_C51STARTUP
            CODE    1365H     007FH     UNIT         ?PR?DRAW_GAME_OVER?MAIN
            CODE    13E4H     007BH     UNIT         ?PR?MAIN?MAIN
            CODE    145FH     0073H     UNIT         ?PR?TIMER0_ISR?MAIN
            CODE    14D2H     0070H     UNIT         ?PR?DRAW_MENU?MAIN
            CODE    1542H     0059H     UNIT         ?PR?DRAW_DIFF_SELECT?MAIN
            CODE    159BH     0049H     UNIT         ?PR?DIFF_SELECT_KEY_HANDLE?MAIN
BL51 BANKED LINKER/LOCATER V6.22                                                      04/16/2026  12:53:26  PAGE 2


            CODE    15E4H     0048H     UNIT         ?PR?_RAND_NUM?MAIN
            CODE    162CH     0044H     UNIT         ?PR?MAP_SELECT_KEY_HANDLE?MAIN
            CODE    1670H     0041H     UNIT         ?PR?_CHECK_TOWER_AT?MAIN
            CODE    16B1H     0041H     UNIT         ?PR?_CHECK_ENEMY_AT?MAIN
            CODE    16F2H     003DH     UNIT         ?C_INITSEG
            CODE    172FH     003CH     UNIT         ?PR?_LCD_SHOW_STR?MAIN
            CODE    176BH     003BH     UNIT         ?PR?DRAW_MAP_SELECT?MAIN
            CODE    17A6H     0037H     UNIT         ?PR?SAVE_RECORD?MAIN
            CODE    17DDH     0034H     UNIT         ?PR?GAME_OVER_CHECK?MAIN
            CODE    1811H     0032H     UNIT         ?PR?_LCD_WRITE_DATA?MAIN
            CODE    1843H     002AH     UNIT         ?PR?DRAW_GAME_PAUSE?MAIN
            CODE    186DH     0029H     UNIT         ?PR?_LCD_SET_POS?MAIN
            CODE    1896H     0023H     UNIT         ?PR?LCD_INIT?MAIN
            CODE    18B9H     0023H     UNIT         ?PR?LCD_CLEAR?MAIN
            CODE    18DCH     0020H     UNIT         ?PR?_DELAY_MS?MAIN
            CODE    18FCH     001EH     UNIT         ?PR?GAME_PAUSE_KEY_HANDLE?MAIN
            CODE    191AH     001CH     UNIT         ?PR?_DELAY_10US?MAIN
            CODE    1936H     001BH     UNIT         ?PR?FIND_EMPTY_TOWER?MAIN
            CODE    1951H     001BH     UNIT         ?PR?FIND_EMPTY_ENEMY?MAIN
            CODE    196CH     001BH     UNIT         ?PR?FIND_EMPTY_BULLET?MAIN
            CODE    1987H     0018H     UNIT         ?PR?_LCD_SELECT_SCREEN?MAIN
            CODE    199FH     0015H     UNIT         ?PR?_LCD_WRITE_CMD?MAIN
            CODE    19B4H     0010H     UNIT         ?PR?TIMER0_INIT?MAIN
            CODE    19C4H     000CH     UNIT         ?PR?GAME_OVER_KEY_HANDLE?MAIN
            CODE    19D0H     000CH     UNIT         ?PR?HISTORY_KEY_HANDLE?MAIN



OVERLAY MAP OF MODULE:   .\Objects\mian (MAIN)


SEGMENT                                   DATA_GROUP 
  +--> CALLED SEGMENT                   START    LENGTH
-------------------------------------------------------
?PR?TIMER0_ISR?MAIN                     -----    -----
  +--> ?PR?ENEMY_SPAWN?MAIN
  +--> ?PR?TOWER_ATTACK?MAIN
  +--> ?PR?BULLET_UPDATE?MAIN
  +--> ?PR?ENEMY_UPDATE?MAIN
  +--> ?PR?GAME_OVER_CHECK?MAIN

?PR?ENEMY_SPAWN?MAIN                    001EH    0003H
  +--> ?CO?MAIN
  +--> ?PR?FIND_EMPTY_ENEMY?MAIN
  +--> ?PR?_RAND_NUM?MAIN

?PR?_RAND_NUM?MAIN                      0021H    0002H

?PR?TOWER_ATTACK?MAIN                   -----    -----
  +--> ?PR?FIND_EMPTY_BULLET?MAIN
  +--> ?CO?MAIN

?PR?BULLET_UPDATE?MAIN                  -----    -----
  +--> ?PR?_CHECK_ENEMY_AT?MAIN

?PR?ENEMY_UPDATE?MAIN                   -----    -----
  +--> ?PR?_CHECK_TOWER_AT?MAIN
BL51 BANKED LINKER/LOCATER V6.22                                                      04/16/2026  12:53:26  PAGE 3


  +--> ?CO?MAIN

?PR?GAME_OVER_CHECK?MAIN                -----    -----
  +--> ?PR?DRAW_GAME_OVER?MAIN
  +--> ?CO?MAIN

?PR?DRAW_GAME_OVER?MAIN                 -----    -----
  +--> ?PR?SAVE_RECORD?MAIN
  +--> ?PR?LCD_CLEAR?MAIN
  +--> ?CO?MAIN
  +--> ?PR?_LCD_SHOW_STR?MAIN
  +--> ?PR?_LCD_SHOW_CHAR?MAIN

?PR?LCD_CLEAR?MAIN                      -----    -----
  +--> ?PR?_LCD_SELECT_SCREEN?MAIN
  +--> ?PR?_LCD_WRITE_CMD?MAIN
  +--> ?PR?_LCD_WRITE_DATA?MAIN

?PR?_LCD_WRITE_CMD?MAIN                 -----    -----
  +--> ?PR?_DELAY_10US?MAIN

?PR?_LCD_WRITE_DATA?MAIN                -----    -----
  +--> ?CO?MAIN
  +--> ?PR?_DELAY_10US?MAIN

?PR?_LCD_SHOW_STR?MAIN                  0029H    0005H
  +--> ?PR?_LCD_SHOW_CHAR?MAIN

?PR?_LCD_SHOW_CHAR?MAIN                 002EH    0003H
  +--> ?PR?_LCD_SET_POS?MAIN
  +--> ?PR?_LCD_WRITE_DATA?MAIN

?PR?_LCD_SET_POS?MAIN                   -----    -----
  +--> ?PR?_LCD_SELECT_SCREEN?MAIN
  +--> ?PR?_LCD_WRITE_CMD?MAIN

*** NEW ROOT ***************************************************

?C_C51STARTUP                           -----    -----
  +--> ?PR?MAIN?MAIN
  +--> ?C_INITSEG

?PR?MAIN?MAIN                           -----    -----
  +--> ?PR?LCD_INIT?MAIN
  +--> ?PR?TIMER0_INIT?MAIN
  +--> ?PR?_DELAY_MS?MAIN
  +--> ?PR?DRAW_MENU?MAIN
  +--> ?PR?KEY_SCAN?MAIN
  +--> ?PR?MENU_KEY_HANDLE?MAIN
  +--> ?PR?DIFF_SELECT_KEY_HANDLE?MAIN
  +--> ?PR?MAP_SELECT_KEY_HANDLE?MAIN
  +--> ?PR?GAME_RUN_KEY_HANDLE?MAIN
  +--> ?PR?DRAW_GAME_SCREEN?MAIN
  +--> ?PR?GAME_PAUSE_KEY_HANDLE?MAIN
  +--> ?PR?GAME_OVER_KEY_HANDLE?MAIN
  +--> ?PR?HISTORY_KEY_HANDLE?MAIN

BL51 BANKED LINKER/LOCATER V6.22                                                      04/16/2026  12:53:26  PAGE 4


?PR?LCD_INIT?MAIN                       -----    -----
  +--> ?PR?_DELAY_MS?MAIN
  +--> ?PR?_LCD_SELECT_SCREEN?MAIN
  +--> ?PR?_LCD_WRITE_CMD?MAIN
  +--> ?PR?LCD_CLEAR?MAIN

?PR?DRAW_MENU?MAIN                      -----    -----
  +--> ?PR?LCD_CLEAR?MAIN
  +--> ?CO?MAIN
  +--> ?PR?_LCD_SHOW_STR?MAIN

?PR?KEY_SCAN?MAIN                       0026H    000EH
  +--> ?CO?MAIN
  +--> ?PR?_DELAY_MS?MAIN

?PR?MENU_KEY_HANDLE?MAIN                -----    -----
  +--> ?PR?DRAW_DIFF_SELECT?MAIN
  +--> ?PR?LCD_CLEAR?MAIN
  +--> ?CO?MAIN
  +--> ?PR?_LCD_SHOW_STR?MAIN
  +--> ?PR?KEY_SCAN?MAIN
  +--> ?PR?_DELAY_MS?MAIN
  +--> ?PR?DRAW_MENU?MAIN
  +--> ?PR?DRAW_HISTORY?MAIN

?PR?DRAW_DIFF_SELECT?MAIN               -----    -----
  +--> ?PR?LCD_CLEAR?MAIN
  +--> ?CO?MAIN
  +--> ?PR?_LCD_SHOW_STR?MAIN

?PR?DRAW_HISTORY?MAIN                   0026H    0002H
  +--> ?PR?LCD_CLEAR?MAIN
  +--> ?CO?MAIN
  +--> ?PR?_LCD_SHOW_STR?MAIN

?PR?DIFF_SELECT_KEY_HANDLE?MAIN         -----    -----
  +--> ?PR?DRAW_DIFF_SELECT?MAIN
  +--> ?PR?DRAW_MAP_SELECT?MAIN
  +--> ?PR?DRAW_MENU?MAIN

?PR?DRAW_MAP_SELECT?MAIN                -----    -----
  +--> ?PR?LCD_CLEAR?MAIN
  +--> ?CO?MAIN
  +--> ?PR?_LCD_SHOW_STR?MAIN

?PR?MAP_SELECT_KEY_HANDLE?MAIN          -----    -----
  +--> ?PR?DRAW_MAP_SELECT?MAIN
  +--> ?PR?GAME_INIT?MAIN
  +--> ?PR?DRAW_GAME_SCREEN?MAIN
  +--> ?PR?DRAW_DIFF_SELECT?MAIN

?PR?GAME_INIT?MAIN                      -----    -----
  +--> ?CO?MAIN

?PR?DRAW_GAME_SCREEN?MAIN               0026H    0003H
  +--> ?PR?LCD_CLEAR?MAIN
  +--> ?CO?MAIN
BL51 BANKED LINKER/LOCATER V6.22                                                      04/16/2026  12:53:26  PAGE 5


  +--> ?PR?_LCD_SHOW_STR?MAIN
  +--> ?PR?_LCD_SHOW_CHAR?MAIN
  +--> ?PR?_CHECK_TOWER_AT?MAIN
  +--> ?PR?_CHECK_ENEMY_AT?MAIN

?PR?GAME_RUN_KEY_HANDLE?MAIN            -----    -----
  +--> ?PR?_CHECK_TOWER_AT?MAIN
  +--> ?CO?MAIN
  +--> ?PR?FIND_EMPTY_TOWER?MAIN
  +--> ?PR?DRAW_GAME_PAUSE?MAIN

?PR?DRAW_GAME_PAUSE?MAIN                -----    -----
  +--> ?PR?LCD_CLEAR?MAIN
  +--> ?CO?MAIN
  +--> ?PR?_LCD_SHOW_STR?MAIN

?PR?GAME_PAUSE_KEY_HANDLE?MAIN          -----    -----
  +--> ?PR?DRAW_MENU?MAIN

?PR?GAME_OVER_KEY_HANDLE?MAIN           -----    -----
  +--> ?PR?DRAW_MENU?MAIN

?PR?HISTORY_KEY_HANDLE?MAIN             -----    -----
  +--> ?PR?DRAW_MENU?MAIN



SYMBOL TABLE OF MODULE:  .\Objects\mian (MAIN)

  VALUE           TYPE          NAME
  ----------------------------------

  -------         MODULE        MAIN
  C:0000H         SYMBOL        _ICE_DUMMY_
  D:0080H         PUBLIC        P0
  D:0090H         PUBLIC        P1
  D:00A0H         PUBLIC        P2
  D:00B0H         PUBLIC        P3
  D:000AH         PUBLIC        current_diff
  C:145FH         PUBLIC        timer0_isr
  B:00A8H.7       PUBLIC        EA
  C:0A72H         PUBLIC        enemy_update
  C:01D3H         PUBLIC        char_table
  C:1548H         PUBLIC        draw_diff_select
  C:04BFH         PUBLIC        tower_attack
  C:08D7H         PUBLIC        draw_game_screen
  C:19D0H         PUBLIC        history_key_handle
  C:1735H         PUBLIC        _lcd_show_str
  C:17A6H         PUBLIC        save_record
  C:186DH         PUBLIC        _lcd_set_pos
  C:18FCH         PUBLIC        game_pause_key_handle
  C:17DDH         PUBLIC        game_over_check
  C:18B9H         PUBLIC        lcd_clear
  C:162CH         PUBLIC        map_select_key_handle
  D:000BH         PUBLIC        game_result
  D:000CH         PUBLIC        game_state
  X:0000H         PUBLIC        record_list
BL51 BANKED LINKER/LOCATER V6.22                                                      04/16/2026  12:53:26  PAGE 6


  C:196CH         PUBLIC        find_empty_bullet
  C:13E4H         PUBLIC        main
  C:123CH         PUBLIC        draw_history
  D:000DH         PUBLIC        current_map
  D:000EH         PUBLIC        record_cnt
  D:000FH         PUBLIC        game_tick
  X:000CH         PUBLIC        bullet_list
  C:0D25H         PUBLIC        enemy_spawn
  D:0011H         PUBLIC        game_time
  C:1843H         PUBLIC        draw_game_pause
  C:101DH         PUBLIC        menu_key_handle
  C:0F5CH         PUBLIC        game_init
  C:176BH         PUBLIC        draw_map_select
  D:0089H         PUBLIC        TMOD
  C:19C4H         PUBLIC        game_over_key_handle
  C:1951H         PUBLIC        find_empty_enemy
  C:16B1H         PUBLIC        _check_enemy_at
  D:0013H         PUBLIC        menu_cursor
  C:192CH         PUBLIC        _delay_10us
  D:0014H         PUBLIC        select_tower_type
  C:01B2H         PUBLIC        enemy_attr
  C:182EH         PUBLIC        _lcd_write_data
  X:0044H         PUBLIC        enemy_list
  C:04B3H         SYMBOL        _?ix1000
  C:14D7H         PUBLIC        draw_menu
  B:00A8H.1       PUBLIC        ET0
  C:1936H         PUBLIC        find_empty_tower
  C:1896H         PUBLIC        lcd_init
  D:0015H         PUBLIC        key_value
  C:136BH         PUBLIC        draw_game_over
  C:1670H         PUBLIC        _check_tower_at
  D:008CH         PUBLIC        TH0
  C:0BE2H         PUBLIC        game_run_key_handle
  D:008AH         PUBLIC        TL0
  C:10D8H         PUBLIC        key_scan
  C:018AH         PUBLIC        tower_attr
  C:18DCH         PUBLIC        _delay_ms
  X:008AH         PUBLIC        tower_list
  D:0016H         PUBLIC        enemy_spawn_cnt
  D:0017H         PUBLIC        base_hp
  B:0088H.4       PUBLIC        TR0
  C:15E4H         PUBLIC        _rand_num
  C:1199H         PUBLIC        _lcd_show_char
  C:199FH         PUBLIC        _lcd_write_cmd
  B:0090H.4       PUBLIC        KEY_COL0
  B:00A0H.0       PUBLIC        LCD_RS
  B:0090H.5       PUBLIC        KEY_COL1
  B:0090H.6       PUBLIC        KEY_COL2
  B:00A0H.1       PUBLIC        LCD_RW
  D:0018H         PUBLIC        select_cursor_x
  D:0019H         PUBLIC        select_cursor_y
  B:00B0H.7       PUBLIC        BUZZER
  C:19B4H         PUBLIC        timer0_init
  D:001AH         PUBLIC        refresh_flag
  C:0E56H         PUBLIC        bullet_update
  B:0090H.0       PUBLIC        KEY_ROW0
  B:0090H.1       PUBLIC        KEY_ROW1
BL51 BANKED LINKER/LOCATER V6.22                                                      04/16/2026  12:53:26  PAGE 7


  C:01C1H         PUBLIC        diff_config
  B:0090H.2       PUBLIC        KEY_ROW2
  D:001BH         PUBLIC        current_energy
  B:0090H.3       PUBLIC        KEY_ROW3
  D:001CH         PUBLIC        spawned_enemy
  B:00A0H.2       PUBLIC        LCD_E
  D:001DH         PUBLIC        killed_enemy
  C:159BH         PUBLIC        diff_select_key_handle
  B:00A0H.3       PUBLIC        LCD_CS1
  B:00A0H.4       PUBLIC        LCD_CS2
  C:1987H         PUBLIC        _lcd_select_screen
  -------         PROC          _DELAY_MS
  D:0006H         SYMBOL        ms
  -------         DO            
  D:0004H         SYMBOL        i
  D:0002H         SYMBOL        j
  -------         ENDDO         
  C:18DCH         LINE#         265
  C:18DCH         LINE#         267
  C:18E6H         LINE#         268
  C:18FBH         LINE#         269
  -------         ENDPROC       _DELAY_MS
  -------         PROC          L?0342
  -------         ENDPROC       L?0342
  -------         PROC          _DELAY_10US
  D:0007H         SYMBOL        t
  C:192CH         LINE#         271
  C:192CH         LINE#         272
  C:1935H         LINE#         273
  -------         ENDPROC       _DELAY_10US
  -------         PROC          _LCD_SELECT_SCREEN
  D:0007H         SYMBOL        screen
  C:1987H         LINE#         276
  C:1987H         LINE#         277
  C:1987H         LINE#         278
  C:198AH         LINE#         279
  C:198CH         LINE#         280
  C:198EH         LINE#         281
  C:1992H         LINE#         282
  C:1994H         LINE#         283
  C:1996H         LINE#         284
  C:199AH         LINE#         285
  C:199CH         LINE#         286
  C:199EH         LINE#         287
  C:199EH         LINE#         288
  -------         ENDPROC       _LCD_SELECT_SCREEN
  -------         PROC          _LCD_WRITE_CMD
  D:0005H         SYMBOL        cmd
  C:199FH         LINE#         290
  C:19A1H         LINE#         291
  C:19A1H         LINE#         292
  C:19A3H         LINE#         293
  C:19A8H         LINE#         294
  C:19AAH         LINE#         295
  C:19AAH         LINE#         296
  C:19AAH         LINE#         297
  C:19AAH         LINE#         298
BL51 BANKED LINKER/LOCATER V6.22                                                      04/16/2026  12:53:26  PAGE 8


  C:19AAH         LINE#         299
  C:19AAH         LINE#         300
  C:19ADH         LINE#         301
  C:19AFH         LINE#         302
  -------         ENDPROC       _LCD_WRITE_CMD
  -------         PROC          L?0341
  -------         ENDPROC       L?0341
  -------         PROC          _LCD_WRITE_DATA
  D:0005H         SYMBOL        dat
  C:182EH         LINE#         305
  C:1830H         LINE#         306
  C:1830H         LINE#         307
  C:1832H         LINE#         308
  C:1837H         LINE#         309
  C:1839H         LINE#         310
  C:1839H         LINE#         311
  C:1839H         LINE#         312
  C:1839H         LINE#         313
  C:1839H         LINE#         314
  C:1839H         LINE#         315
  C:183CH         LINE#         316
  C:183EH         LINE#         317
  -------         ENDPROC       _LCD_WRITE_DATA
  -------         PROC          LCD_INIT
  C:1896H         LINE#         320
  C:1896H         LINE#         321
  C:1898H         LINE#         322
  C:189AH         LINE#         323
  C:189CH         LINE#         324
  C:189EH         LINE#         325
  C:18A0H         LINE#         326
  C:18A7H         LINE#         328
  C:18ACH         LINE#         329
  C:18B1H         LINE#         330
  C:18B6H         LINE#         331
  -------         ENDPROC       LCD_INIT
  -------         PROC          _LCD_SET_POS
  D:0007H         SYMBOL        x
  D:0005H         SYMBOL        y
  -------         DO            
  D:0004H         SYMBOL        col
  -------         ENDDO         
  C:186DH         LINE#         334
  C:186DH         LINE#         335
  C:1873H         LINE#         336
  C:1878H         LINE#         337
  C:187DH         LINE#         338
  C:187FH         LINE#         339
  C:1884H         LINE#         340
  C:1888H         LINE#         341
  C:1888H         LINE#         342
  C:188FH         LINE#         343
  -------         ENDPROC       _LCD_SET_POS
  -------         PROC          LCD_CLEAR
  -------         DO            
  D:0004H         SYMBOL        i
  D:0003H         SYMBOL        j
BL51 BANKED LINKER/LOCATER V6.22                                                      04/16/2026  12:53:26  PAGE 9


  -------         ENDDO         
  C:18B9H         LINE#         346
  C:18B9H         LINE#         348
  C:18BEH         LINE#         349
  C:18C0H         LINE#         350
  C:18C7H         LINE#         351
  C:18CCH         LINE#         352
  C:18CEH         LINE#         353
  C:18D3H         LINE#         354
  C:18D7H         LINE#         355
  C:18DBH         LINE#         356
  -------         ENDPROC       LCD_CLEAR
  -------         PROC          L?0340
  -------         ENDPROC       L?0340
  -------         PROC          _LCD_SHOW_CHAR
  D:002EH         SYMBOL        x
  D:002FH         SYMBOL        y
  D:0003H         SYMBOL        c
  -------         DO            
  D:0004H         SYMBOL        i
  D:0030H         SYMBOL        idx
  -------         ENDDO         
  C:1199H         LINE#         358
  C:119DH         LINE#         359
  C:11A0H         LINE#         360
  C:11B3H         LINE#         361
  C:11C6H         LINE#         362
  C:11C6H         LINE#         363
  C:11E9H         LINE#         364
  C:11F8H         LINE#         365
  C:1207H         LINE#         366
  C:1216H         LINE#         367
  C:1219H         LINE#         368
  C:1219H         LINE#         369
  C:1219H         LINE#         371
  C:1220H         LINE#         372
  C:1229H         LINE#         373
  C:1232H         LINE#         374
  C:123BH         LINE#         375
  -------         ENDPROC       _LCD_SHOW_CHAR
  C:1731H         SYMBOL        L?0339
  -------         PROC          L?0338
  -------         ENDPROC       L?0338
  C:1731H         SYMBOL        L?0339
  -------         PROC          _LCD_SHOW_STR
  D:0029H         SYMBOL        x
  D:002AH         SYMBOL        y
  D:002BH         SYMBOL        str
  C:1735H         LINE#         377
  C:173FH         LINE#         378
  C:1751H         LINE#         379
  C:1768H         LINE#         380
  C:176AH         LINE#         381
  -------         ENDPROC       _LCD_SHOW_STR
  -------         PROC          KEY_SCAN
  -------         DO            
  D:0026H         SYMBOL        row
BL51 BANKED LINKER/LOCATER V6.22                                                      04/16/2026  12:53:26  PAGE 10


  D:0001H         SYMBOL        col
  D:0027H         SYMBOL        key_map
  -------         DO            
  D:0033H         SYMBOL        col_val
  -------         ENDDO         
  -------         ENDDO         
  C:10D8H         LINE#         384
  C:10D8H         LINE#         386
  C:10EBH         LINE#         387
  C:10EEH         LINE#         389
  C:10FBH         LINE#         390
  C:1103H         LINE#         391
  C:1112H         LINE#         392
  C:1116H         LINE#         393
  C:111AH         LINE#         394
  C:111EH         LINE#         395
  C:1120H         LINE#         396
  C:1120H         LINE#         397
  C:1127H         LINE#         399
  C:112FH         LINE#         400
  C:1132H         LINE#         401
  C:113DH         LINE#         402
  C:1141H         LINE#         403
  C:1145H         LINE#         404
  C:114BH         LINE#         405
  C:114BH         LINE#         406
  C:114FH         LINE#         407
  C:1155H         LINE#         408
  C:1159H         LINE#         409
  C:1166H         LINE#         410
  C:116AH         LINE#         411
  C:1175H         LINE#         412
  C:1179H         LINE#         413
  C:117DH         LINE#         414
  C:1185H         LINE#         415
  C:1185H         LINE#         416
  C:1185H         LINE#         418
  C:1185H         LINE#         419
  C:1185H         LINE#         420
  C:1188H         LINE#         421
  C:118DH         LINE#         422
  -------         ENDPROC       KEY_SCAN
  -------         PROC          TIMER0_INIT
  C:19B4H         LINE#         425
  C:19B4H         LINE#         426
  C:19B7H         LINE#         427
  C:19BAH         LINE#         428
  C:19BDH         LINE#         429
  C:19BFH         LINE#         430
  C:19C1H         LINE#         431
  C:19C3H         LINE#         432
  -------         ENDPROC       TIMER0_INIT
  -------         PROC          _RAND_NUM
  D:0021H         SYMBOL        min
  D:0022H         SYMBOL        max
  -------         DO            
  D:0008H         SYMBOL        seed
BL51 BANKED LINKER/LOCATER V6.22                                                      04/16/2026  12:53:26  PAGE 11


  -------         ENDDO         
  C:15E4H         LINE#         435
  C:15E8H         LINE#         437
  C:15F4H         LINE#         438
  C:1610H         LINE#         439
  C:162BH         LINE#         440
  -------         ENDPROC       _RAND_NUM
  -------         PROC          FIND_EMPTY_TOWER
  -------         DO            
  D:0007H         SYMBOL        i
  -------         ENDDO         
  C:1936H         LINE#         442
  C:1936H         LINE#         444
  C:1938H         LINE#         445
  C:194AH         LINE#         446
  C:194EH         LINE#         447
  C:1950H         LINE#         448
  -------         ENDPROC       FIND_EMPTY_TOWER
  -------         PROC          FIND_EMPTY_ENEMY
  -------         DO            
  D:0007H         SYMBOL        i
  -------         ENDDO         
  C:1951H         LINE#         450
  C:1951H         LINE#         452
  C:1953H         LINE#         453
  C:1965H         LINE#         454
  C:1969H         LINE#         455
  C:196BH         LINE#         456
  -------         ENDPROC       FIND_EMPTY_ENEMY
  -------         PROC          FIND_EMPTY_BULLET
  -------         DO            
  D:0007H         SYMBOL        i
  -------         ENDDO         
  C:196CH         LINE#         458
  C:196CH         LINE#         460
  C:196EH         LINE#         461
  C:1980H         LINE#         462
  C:1984H         LINE#         463
  C:1986H         LINE#         464
  -------         ENDPROC       FIND_EMPTY_BULLET
  -------         PROC          _CHECK_TOWER_AT
  D:0007H         SYMBOL        x
  D:0005H         SYMBOL        y
  -------         DO            
  D:0006H         SYMBOL        i
  -------         ENDDO         
  C:1670H         LINE#         466
  C:1670H         LINE#         468
  C:1672H         LINE#         469
  C:16A7H         LINE#         470
  C:16AAH         LINE#         471
  C:16AAH         LINE#         472
  C:16AEH         LINE#         473
  C:16B0H         LINE#         474
  -------         ENDPROC       _CHECK_TOWER_AT
  -------         PROC          _CHECK_ENEMY_AT
  D:0007H         SYMBOL        x
BL51 BANKED LINKER/LOCATER V6.22                                                      04/16/2026  12:53:26  PAGE 12


  D:0005H         SYMBOL        y
  -------         DO            
  D:0006H         SYMBOL        i
  -------         ENDDO         
  C:16B1H         LINE#         476
  C:16B1H         LINE#         478
  C:16B3H         LINE#         479
  C:16E8H         LINE#         480
  C:16EBH         LINE#         481
  C:16EBH         LINE#         482
  C:16EFH         LINE#         483
  C:16F1H         LINE#         484
  -------         ENDPROC       _CHECK_ENEMY_AT
  -------         PROC          SAVE_RECORD
  C:17A6H         LINE#         486
  C:17A6H         LINE#         487
  C:17B9H         LINE#         488
  C:17BFH         LINE#         489
  C:17C3H         LINE#         490
  C:17CBH         LINE#         491
  C:17CFH         LINE#         492
  C:17D3H         LINE#         494
  C:17DCH         LINE#         495
  -------         ENDPROC       SAVE_RECORD
  -------         PROC          GAME_INIT
  -------         DO            
  D:0007H         SYMBOL        i
  -------         ENDDO         
  C:0F5CH         LINE#         497
  C:0F5CH         LINE#         499
  C:0F5EH         LINE#         500
  C:0F6EH         LINE#         501
  C:0F7EH         LINE#         502
  C:0F8EH         LINE#         503
  C:0F9EH         LINE#         504
  C:0FA2H         LINE#         505
  C:0FA4H         LINE#         506
  C:0FB4H         LINE#         507
  C:0FC4H         LINE#         508
  C:0FC8H         LINE#         509
  C:0FCAH         LINE#         510
  C:0FDAH         LINE#         511
  C:0FEAH         LINE#         512
  C:0FEEH         LINE#         514
  C:0FF1H         LINE#         515
  C:1004H         LINE#         516
  C:1009H         LINE#         517
  C:100DH         LINE#         518
  C:100FH         LINE#         519
  C:1011H         LINE#         520
  C:1013H         LINE#         521
  C:1016H         LINE#         522
  C:1019H         LINE#         523
  C:101CH         LINE#         524
  -------         ENDPROC       GAME_INIT
  -------         PROC          ENEMY_SPAWN
  -------         DO            
BL51 BANKED LINKER/LOCATER V6.22                                                      04/16/2026  12:53:26  PAGE 13


  D:001EH         SYMBOL        enemy_id
  D:001FH         SYMBOL        enemy_type
  D:0020H         SYMBOL        spawn_y
  -------         ENDDO         
  C:0D25H         LINE#         527
  C:0D25H         LINE#         529
  C:0D4CH         LINE#         530
  C:0D67H         LINE#         532
  C:0D69H         LINE#         533
  C:0D84H         LINE#         534
  C:0D87H         LINE#         536
  C:0D8CH         LINE#         537
  C:0D94H         LINE#         539
  C:0DACH         LINE#         540
  C:0DB1H         LINE#         542
  C:0DB4H         LINE#         544
  C:0DB8H         LINE#         545
  C:0DBDH         LINE#         547
  C:0DC6H         LINE#         549
  C:0DD8H         LINE#         550
  C:0DEAH         LINE#         551
  C:0DFCH         LINE#         552
  C:0E1FH         LINE#         553
  C:0E30H         LINE#         554
  C:0E41H         LINE#         555
  C:0E53H         LINE#         557
  C:0E55H         LINE#         558
  -------         ENDPROC       ENEMY_SPAWN
  -------         PROC          TOWER_ATTACK
  -------         DO            
  D:0006H         SYMBOL        i
  D:0005H         SYMBOL        j
  D:0007H         SYMBOL        bullet_id
  D:0007H         SYMBOL        dis
  -------         ENDDO         
  C:04BFH         LINE#         560
  C:04BFH         LINE#         562
  C:04C1H         LINE#         563
  C:04D5H         LINE#         565
  C:04FAH         LINE#         567
  C:050DH         LINE#         568
  C:051EH         LINE#         569
  C:0535H         LINE#         570
  C:0545H         LINE#         571
  C:0551H         LINE#         572
  C:0551H         LINE#         573
  C:0554H         LINE#         574
  C:0554H         LINE#         576
  C:056BH         LINE#         578
  C:056DH         LINE#         579
  C:0581H         LINE#         580
  C:05CCH         LINE#         582
  C:05FAH         LINE#         584
  C:05FDH         LINE#         585
  C:0604H         LINE#         587
  C:0615H         LINE#         588
  C:0636H         LINE#         589
BL51 BANKED LINKER/LOCATER V6.22                                                      04/16/2026  12:53:26  PAGE 14


  C:0656H         LINE#         590
  C:0685H         LINE#         591
  C:0696H         LINE#         592
  C:06B6H         LINE#         593
  C:06C6H         LINE#         595
  C:06D7H         LINE#         596
  C:06D9H         LINE#         597
  C:06E2H         LINE#         598
  C:06EBH         LINE#         599
  -------         ENDPROC       TOWER_ATTACK
  -------         PROC          BULLET_UPDATE
  -------         DO            
  D:0004H         SYMBOL        i
  D:0007H         SYMBOL        enemy_id
  -------         ENDDO         
  C:0E56H         LINE#         601
  C:0E56H         LINE#         603
  C:0E58H         LINE#         604
  C:0E6CH         LINE#         605
  C:0E7DH         LINE#         606
  C:0E91H         LINE#         607
  C:0EA1H         LINE#         608
  C:0EB2H         LINE#         609
  C:0EB2H         LINE#         610
  C:0EC7H         LINE#         611
  C:0ED7H         LINE#         612
  C:0ED9H         LINE#         613
  C:0ED9H         LINE#         614
  C:0EECH         LINE#         615
  C:0EF0H         LINE#         616
  C:0F1CH         LINE#         617
  C:0F2CH         LINE#         618
  C:0F40H         LINE#         619
  C:0F50H         LINE#         620
  C:0F52H         LINE#         621
  C:0F52H         LINE#         622
  C:0F52H         LINE#         623
  C:0F5BH         LINE#         624
  -------         ENDPROC       BULLET_UPDATE
  -------         PROC          ENEMY_UPDATE
  -------         DO            
  D:0004H         SYMBOL        i
  D:0007H         SYMBOL        tower_id
  -------         ENDDO         
  C:0A72H         LINE#         626
  C:0A72H         LINE#         628
  C:0A74H         LINE#         629
  C:0A88H         LINE#         630
  C:0AADH         LINE#         632
  C:0AD1H         LINE#         633
  C:0AD8H         LINE#         634
  C:0AECH         LINE#         635
  C:0B27H         LINE#         636
  C:0B38H         LINE#         637
  C:0B4FH         LINE#         638
  C:0B5FH         LINE#         639
  C:0B5FH         LINE#         640
BL51 BANKED LINKER/LOCATER V6.22                                                      04/16/2026  12:53:26  PAGE 15


  C:0B5FH         LINE#         641
  C:0B61H         LINE#         642
  C:0B61H         LINE#         644
  C:0B72H         LINE#         645
  C:0B86H         LINE#         646
  C:0B96H         LINE#         647
  C:0BA7H         LINE#         648
  C:0BB8H         LINE#         649
  C:0BBEH         LINE#         650
  C:0BC6H         LINE#         651
  C:0BD6H         LINE#         652
  C:0BD8H         LINE#         653
  C:0BD8H         LINE#         654
  C:0BD8H         LINE#         655
  C:0BE1H         LINE#         656
  -------         ENDPROC       ENEMY_UPDATE
  -------         PROC          GAME_OVER_CHECK
  C:17DDH         LINE#         658
  C:17DDH         LINE#         659
  C:17E4H         LINE#         660
  C:17E7H         LINE#         661
  C:17E9H         LINE#         662
  C:17E9H         LINE#         663
  C:17E9H         LINE#         664
  C:17ECH         LINE#         665
  C:17ECH         LINE#         666
  C:180AH         LINE#         667
  C:180DH         LINE#         668
  C:180DH         LINE#         669
  C:180DH         LINE#         670
  C:1810H         LINE#         671
  C:1810H         LINE#         672
  -------         ENDPROC       GAME_OVER_CHECK
  C:14D2H         SYMBOL        L?0344
  -------         PROC          L?0343
  -------         ENDPROC       L?0343
  C:14D2H         SYMBOL        L?0344
  -------         PROC          DRAW_MENU
  C:14D7H         LINE#         675
  C:14D7H         LINE#         676
  C:14DAH         LINE#         677
  C:14E7H         LINE#         678
  C:14FAH         LINE#         679
  C:1512H         LINE#         680
  C:152AH         LINE#         681
  -------         ENDPROC       DRAW_MENU
  -------         PROC          L?0346
  -------         ENDPROC       L?0346
  -------         PROC          DRAW_DIFF_SELECT
  C:1548H         LINE#         684
  C:1548H         LINE#         685
  C:154BH         LINE#         686
  C:1558H         LINE#         687
  C:156BH         LINE#         688
  C:1583H         LINE#         689
  -------         ENDPROC       DRAW_DIFF_SELECT
  -------         PROC          DRAW_MAP_SELECT
BL51 BANKED LINKER/LOCATER V6.22                                                      04/16/2026  12:53:26  PAGE 16


  C:176BH         LINE#         692
  C:176BH         LINE#         693
  C:176EH         LINE#         694
  C:177BH         LINE#         695
  C:178EH         LINE#         696
  -------         ENDPROC       DRAW_MAP_SELECT
  -------         PROC          DRAW_GAME_SCREEN
  -------         DO            
  D:0001H         SYMBOL        i
  D:0002H         SYMBOL        j
  D:0026H         SYMBOL        lcd_x
  D:0027H         SYMBOL        lcd_y
  D:0007H         SYMBOL        tower_id
  D:0007H         SYMBOL        enemy_id
  D:0028H         SYMBOL        b
  D:0007H         SYMBOL        cursor_x
  D:0005H         SYMBOL        cursor_y
  -------         ENDDO         
  C:08D7H         LINE#         699
  C:08D7H         LINE#         701
  C:08DAH         LINE#         704
  C:08E6H         LINE#         705
  C:08F3H         LINE#         708
  C:08FAH         LINE#         709
  C:0907H         LINE#         710
  C:0917H         LINE#         711
  C:091EH         LINE#         714
  C:092BH         LINE#         715
  C:0937H         LINE#         716
  C:0944H         LINE#         717
  C:095AH         LINE#         718
  C:0970H         LINE#         721
  C:0972H         LINE#         722
  C:0974H         LINE#         723
  C:097BH         LINE#         724
  C:0980H         LINE#         725
  C:098AH         LINE#         728
  C:0993H         LINE#         731
  C:099AH         LINE#         732
  C:099EH         LINE#         733
  C:09BEH         LINE#         734
  C:09C2H         LINE#         735
  C:09C6H         LINE#         736
  C:09CAH         LINE#         737
  C:09CEH         LINE#         738
  C:09CEH         LINE#         739
  C:09CEH         LINE#         740
  C:09CEH         LINE#         741
  C:09CEH         LINE#         744
  C:09D5H         LINE#         745
  C:09D9H         LINE#         746
  C:09EBH         LINE#         747
  C:09EFH         LINE#         749
  C:09F5H         LINE#         750
  C:09F7H         LINE#         751
  C:09F7H         LINE#         754
  C:09FAH         LINE#         755
BL51 BANKED LINKER/LOCATER V6.22                                                      04/16/2026  12:53:26  PAGE 17


  C:0A32H         LINE#         756
  C:0A3DH         LINE#         757
  C:0A3FH         LINE#         758
  C:0A3FH         LINE#         759
  C:0A48H         LINE#         760
  C:0A51H         LINE#         761
  C:0A5AH         LINE#         764
  C:0A61H         LINE#         765
  C:0A66H         LINE#         766
  C:0A6CH         LINE#         767
  C:0A71H         LINE#         768
  C:0A71H         LINE#         769
  -------         ENDPROC       DRAW_GAME_SCREEN
  -------         PROC          DRAW_GAME_PAUSE
  C:1843H         LINE#         771
  C:1843H         LINE#         772
  C:1846H         LINE#         773
  C:1853H         LINE#         774
  C:1860H         LINE#         775
  -------         ENDPROC       DRAW_GAME_PAUSE
  -------         PROC          L?0345
  -------         ENDPROC       L?0345
  -------         PROC          DRAW_GAME_OVER
  C:136BH         LINE#         778
  C:136BH         LINE#         779
  C:136EH         LINE#         780
  C:1375H         LINE#         781
  C:137FH         LINE#         783
  C:138AH         LINE#         785
  C:1391H         LINE#         786
  C:13A1H         LINE#         787
  C:13B3H         LINE#         789
  C:13C0H         LINE#         790
  C:13D0H         LINE#         791
  C:13D7H         LINE#         793
  -------         ENDPROC       DRAW_GAME_OVER
  -------         PROC          DRAW_HISTORY
  -------         DO            
  D:0026H         SYMBOL        i
  -------         DO            
  D:0027H         SYMBOL        line
  -------         ENDDO         
  -------         ENDDO         
  C:123CH         LINE#         796
  C:123CH         LINE#         797
  C:123FH         LINE#         798
  C:124CH         LINE#         799
  C:1250H         LINE#         800
  C:125DH         LINE#         801
  C:125FH         LINE#         803
  C:1269H         LINE#         804
  C:1271H         LINE#         805
  C:1296H         LINE#         806
  C:12C8H         LINE#         807
  C:12CCH         LINE#         808
  C:12CCH         LINE#         809
  -------         ENDPROC       DRAW_HISTORY
BL51 BANKED LINKER/LOCATER V6.22                                                      04/16/2026  12:53:26  PAGE 18


  -------         PROC          MENU_KEY_HANDLE
  C:101DH         LINE#         813
  C:101DH         LINE#         814
  C:1025H         LINE#         815
  C:1035H         LINE#         816
  C:1041H         LINE#         817
  C:104CH         LINE#         818
  C:104CH         LINE#         819
  C:105BH         LINE#         820
  C:1060H         LINE#         821
  C:1070H         LINE#         822
  C:1079H         LINE#         823
  C:1086H         LINE#         824
  C:1093H         LINE#         825
  C:10A0H         LINE#         826
  C:10A6H         LINE#         827
  C:10A9H         LINE#         828
  C:10B0H         LINE#         829
  C:10B2H         LINE#         830
  C:10B5H         LINE#         831
  C:10B8H         LINE#         832
  C:10BAH         LINE#         833
  C:10C2H         LINE#         834
  C:10D4H         LINE#         835
  C:10D4H         LINE#         836
  C:10D4H         LINE#         837
  C:10D4H         LINE#         838
  C:10D7H         LINE#         839
  -------         ENDPROC       MENU_KEY_HANDLE
  -------         PROC          DIFF_SELECT_KEY_HANDLE
  C:159BH         LINE#         841
  C:159BH         LINE#         842
  C:15A0H         LINE#         843
  C:15B1H         LINE#         844
  C:15BCH         LINE#         845
  C:15CAH         LINE#         846
  C:15D8H         LINE#         847
  C:15E0H         LINE#         848
  C:15E0H         LINE#         849
  C:15E3H         LINE#         850
  -------         ENDPROC       DIFF_SELECT_KEY_HANDLE
  -------         PROC          MAP_SELECT_KEY_HANDLE
  C:162CH         LINE#         852
  C:162CH         LINE#         853
  C:1631H         LINE#         854
  C:1642H         LINE#         855
  C:164DH         LINE#         856
  C:165BH         LINE#         857
  C:1669H         LINE#         858
  C:166CH         LINE#         859
  C:166CH         LINE#         860
  C:166FH         LINE#         861
  -------         ENDPROC       MAP_SELECT_KEY_HANDLE
  -------         PROC          GAME_RUN_KEY_HANDLE
  -------         DO            
  D:0007H         SYMBOL        tower_slot
  -------         ENDDO         
BL51 BANKED LINKER/LOCATER V6.22                                                      04/16/2026  12:53:26  PAGE 19


  C:0BE2H         LINE#         863
  C:0BE2H         LINE#         865
  C:0BEAH         LINE#         866
  C:0C19H         LINE#         867
  C:0C25H         LINE#         868
  C:0C31H         LINE#         869
  C:0C3DH         LINE#         870
  C:0C49H         LINE#         871
  C:0C53H         LINE#         872
  C:0C53H         LINE#         873
  C:0C66H         LINE#         874
  C:0C74H         LINE#         875
  C:0C8FH         LINE#         876
  C:0C92H         LINE#         877
  C:0C99H         LINE#         878
  C:0CAAH         LINE#         879
  C:0CBBH         LINE#         880
  C:0CCCH         LINE#         881
  C:0CEEH         LINE#         882
  C:0CFEH         LINE#         883
  C:0D16H         LINE#         884
  C:0D19H         LINE#         885
  C:0D1BH         LINE#         886
  C:0D21H         LINE#         887
  C:0D21H         LINE#         888
  C:0D24H         LINE#         889
  -------         ENDPROC       GAME_RUN_KEY_HANDLE
  -------         PROC          GAME_PAUSE_KEY_HANDLE
  C:18FCH         LINE#         891
  C:18FCH         LINE#         892
  C:1901H         LINE#         893
  C:190BH         LINE#         894
  C:1913H         LINE#         895
  C:1916H         LINE#         896
  C:1916H         LINE#         897
  C:1919H         LINE#         898
  -------         ENDPROC       GAME_PAUSE_KEY_HANDLE
  -------         PROC          GAME_OVER_KEY_HANDLE
  C:19C4H         LINE#         900
  C:19C4H         LINE#         901
  C:19C9H         LINE#         902
  C:19C9H         LINE#         903
  C:19C9H         LINE#         904
  C:19CCH         LINE#         905
  C:19CCH         LINE#         906
  C:19CFH         LINE#         907
  -------         ENDPROC       GAME_OVER_KEY_HANDLE
  -------         PROC          HISTORY_KEY_HANDLE
  C:19D0H         LINE#         909
  C:19D0H         LINE#         910
  C:19D5H         LINE#         911
  C:19D5H         LINE#         912
  C:19D5H         LINE#         913
  C:19D8H         LINE#         914
  C:19D8H         LINE#         915
  C:19DBH         LINE#         916
  -------         ENDPROC       HISTORY_KEY_HANDLE
BL51 BANKED LINKER/LOCATER V6.22                                                      04/16/2026  12:53:26  PAGE 20


  -------         PROC          TIMER0_ISR
  C:145FH         LINE#         919
  C:147CH         LINE#         920
  C:147FH         LINE#         921
  C:1482H         LINE#         922
  C:148AH         LINE#         923
  C:14A0H         LINE#         924
  C:14A5H         LINE#         925
  C:14A8H         LINE#         926
  C:14ABH         LINE#         927
  C:14AEH         LINE#         928
  C:14B1H         LINE#         929
  C:14B4H         LINE#         930
  C:14B7H         LINE#         931
  C:14B7H         LINE#         932
  -------         ENDPROC       TIMER0_ISR
  -------         PROC          MAIN
  C:13E4H         LINE#         935
  C:13E4H         LINE#         937
  C:13E7H         LINE#         938
  C:13EAH         LINE#         939
  C:13EDH         LINE#         940
  C:13F0H         LINE#         941
  C:13F2H         LINE#         944
  C:13F5H         LINE#         945
  C:13F8H         LINE#         946
  C:13FFH         LINE#         949
  C:1402H         LINE#         950
  C:1405H         LINE#         953
  C:1405H         LINE#         954
  C:1408H         LINE#         955
  C:142BH         LINE#         956
  C:1430H         LINE#         957
  C:1435H         LINE#         958
  C:143AH         LINE#         959
  C:143AH         LINE#         960
  C:143DH         LINE#         961
  C:1441H         LINE#         962
  C:1444H         LINE#         963
  C:1447H         LINE#         964
  C:1447H         LINE#         965
  C:1449H         LINE#         966
  C:144EH         LINE#         967
  C:1453H         LINE#         968
  C:1456H         LINE#         969
  C:1456H         LINE#         970
  C:145DH         LINE#         971
  -------         ENDPROC       MAIN
  -------         ENDMOD        MAIN

  -------         MODULE        ?C?COPY
  C:07BCH         PUBLIC        ?C?COPY
  -------         ENDMOD        ?C?COPY

  -------         MODULE        ?C?CLDPTR
  C:07E2H         PUBLIC        ?C?CLDPTR
  -------         ENDMOD        ?C?CLDPTR
BL51 BANKED LINKER/LOCATER V6.22                                                      04/16/2026  12:53:26  PAGE 21



  -------         MODULE        ?C?IMUL
  C:07FBH         PUBLIC        ?C?IMUL
  -------         ENDMOD        ?C?IMUL

  -------         MODULE        ?C?UIDIV
  C:080DH         PUBLIC        ?C?UIDIV
  -------         ENDMOD        ?C?UIDIV

  -------         MODULE        ?C?LMUL
  C:0862H         PUBLIC        ?C?LMUL
  -------         ENDMOD        ?C?LMUL

  -------         MODULE        ?C?CCASE
  C:08B1H         PUBLIC        ?C?CCASE
  -------         ENDMOD        ?C?CCASE

*** WARNING L15: MULTIPLE CALL TO SEGMENT
    SEGMENT: ?PR?_LCD_SHOW_STR?MAIN
    CALLER1: ?PR?TIMER0_ISR?MAIN
    CALLER2: ?C_C51STARTUP

*** WARNING L15: MULTIPLE CALL TO SEGMENT
    SEGMENT: ?PR?_LCD_SHOW_CHAR?MAIN
    CALLER1: ?PR?TIMER0_ISR?MAIN
    CALLER2: ?C_C51STARTUP

Program Size: data=53.0 xdata=198 code=6612
LINK/LOCATE RUN COMPLETE.  2 WARNING(S),  0 ERROR(S)
