C51 COMPILER V9.54   GAME                                                                  04/16/2026 20:31:25 PAGE 1   


C51 COMPILER V9.54, COMPILATION OF MODULE GAME
OBJECT MODULE PLACED IN game.OBJ
COMPILER INVOKED BY: D:\keil\C51\BIN\C51.exe game.c

line level    source

   1          #include "game.h"
   2          #include "keypad.h"
   3          #include "eeprom.h"
   4          #include "font.h"
   5          
   6          // ????
   7          // ?????(???ROM?)
   8          typedef struct {
   9              u8 cost;
  10              u8 maxHP;
  11              u8 damage;
  12              u8 shootInterval;
  13          } PlantAttr;
  14          
  15          code PlantAttr plantDB[] = {
  16              {0,  0,  0, 0},     // ??0:??
  17              {50, 30, 0, 0},     // ??1:???
  18              {100,15, 2, 20}     // ??2:????
  19          };
  20          GameState gameState = GAME_MENU;
  21          u16 sunAmount = 100;
  22          u16 score = 0;
  23          u8 baseHP = 3;
  24          u8 cursorRow = 2, cursorCol = 4;
  25          u8 selectedPlant = 1;  // 1:?? 2:??
  26          
  27          // ??????
  28          Plant xdata map[MAP_ROWS][MAP_COLS];
  29          Enemy xdata enemies[MAX_ENEMIES];
  30          Bullet xdata bullets[MAX_BULLETS];
  31          
  32          // ?????(?ROM)
  33          code u8 plantCost[] = {0, 50, 100};
  34          code u8 plantMaxHP[] = {0, 30, 15};
  35          code u8 plantDamage[] = {0, 0, 2};
  36          
  37          // ???????
  38          static u8 enemyMoveTick = 0;
  39          static u8 bulletMoveTick = 0;
  40          static u8 sunGenTick = 0;
  41          static u8 shootTick = 0;
  42          
  43          // ????
  44          void Bullet_Create(u8 row, u8 x, u8 damage) {
  45   1          u8 i;
  46   1          for(i = 0; i < MAX_BULLETS; i++) {
  47   2              if(!bullets[i].active) {
  48   3                  bullets[i].row = row;
  49   3                  bullets[i].x = x;
  50   3                  bullets[i].damage = damage;
  51   3                  bullets[i].speed = 2;
  52   3                  bullets[i].active = 1;
  53   3                  break;
  54   3              }
  55   2          }
C51 COMPILER V9.54   GAME                                                                  04/16/2026 20:31:25 PAGE 2   

  56   1      }
  57          
  58          // ????
  59          void Game_Init(void) {
  60   1          u8 i, j;
  61   1          
  62   1          // ????
  63   1          for(i = 0; i < MAP_ROWS; i++) {
  64   2              for(j = 0; j < MAP_COLS; j++) {
  65   3                  map[i][j].type = 0;
  66   3                  map[i][j].hp = 0;
  67   3                  map[i][j].shootTimer = 0;
  68   3              }
  69   2          }
  70   1          
  71   1          // ???????
  72   1          for(i = 0; i < MAX_ENEMIES; i++) enemies[i].active = 0;
  73   1          for(i = 0; i < MAX_BULLETS; i++) bullets[i].active = 0;
  74   1          
  75   1          sunAmount = 100;
  76   1          score = 0;
  77   1          baseHP = 3;
  78   1          gameState = GAME_RUNNING;
  79   1          
  80   1          LCD_Clear();
  81   1          Game_Draw();
  82   1      }
  83          
  84          // ???????(??????10ms??)
  85          void Game_Process(void) {
  86   1          u8 key;
  87   1          
  88   1          if(gameState != GAME_RUNNING) return;
  89   1          
  90   1          // ????
  91   1          key = Key_GetPressed();
  92   1          switch(key) {
  93   2              case KEY_UP:    if(cursorRow > 0) cursorRow--; break;
  94   2              case KEY_DOWN:  if(cursorRow < MAP_ROWS-1) cursorRow++; break;
  95   2              case KEY_LEFT:  if(cursorCol > 0) cursorCol--; break;
  96   2              case KEY_RIGHT: if(cursorCol < MAP_COLS-1) cursorCol++; break;
  97   2              case KEY_OK:
  98   2                  if(map[cursorRow][cursorCol].type == 0 && 
  99   2                     sunAmount >= plantCost[selectedPlant]) {
 100   3                      Plant_Place(cursorRow, cursorCol, selectedPlant);
 101   3                  }
 102   2                  break;
 103   2              case KEY_PLANT1: selectedPlant = 1; break;
 104   2              case KEY_PLANT2: selectedPlant = 2; break;
 105   2              case KEY_PAUSE:  gameState = GAME_PAUSED; break;
 106   2          }
 107   1          
 108   1          // ??????
 109   1          if(++enemyMoveTick >= ENEMY_MOVE_TICK) {
 110   2              enemyMoveTick = 0;
 111   2              Enemy_Update();
 112   2          }
 113   1          if(++bulletMoveTick >= BULLET_MOVE_TICK) {
 114   2              bulletMoveTick = 0;
 115   2              Bullet_Update();
 116   2          }
 117   1          if(++sunGenTick >= SUN_GEN_TICK) {
C51 COMPILER V9.54   GAME                                                                  04/16/2026 20:31:25 PAGE 3   

 118   2              sunGenTick = 0;
 119   2              sunAmount += 5;  // ??????
 120   2          }
 121   1          if(++shootTick >= PLANT_SHOOT_TICK) {
 122   2              shootTick = 0;
 123   2              // ??????
 124   2              Plant_Shoot();
 125   2          }
 126   1          
 127   1          // ????
 128   1          Collision_Check();
 129   1          
 130   1          // ????
 131   1          Enemy_Spawn();
 132   1          
 133   1          // ??????
 134   1          if(baseHP == 0) {
 135   2              gameState = GAME_OVER;
 136   2              Sound_Play(SOUND_GAME_OVER);
 137   2              EEPROM_SaveScore(score);
 138   2          }
 139   1          
 140   1          // ????
 141   1          Game_Draw();
 142   1      }
 143          
 144          // ????
 145          void Plant_Place(u8 row, u8 col, u8 type) {
 146   1          if(sunAmount >= plantCost[type]) {
 147   2              sunAmount -= plantCost[type];
 148   2              map[row][col].type = type;
 149   2              map[row][col].hp = plantMaxHP[type];
 150   2              map[row][col].shootTimer = 0;
 151   2              Sound_Play(SOUND_PLANT);
 152   2          }
 153   1      }
 154          
 155          // ????
 156          void Enemy_Spawn(void) {
 157   1          static u8 spawnTimer = 0;
 158   1          u8 i;
 159   1          
 160   1          if(++spawnTimer < 30) return;  // ?300ms????
 161   1          spawnTimer = 0;
 162   1          
 163   1          for(i = 0; i < MAX_ENEMIES; i++) {
 164   2              if(!enemies[i].active) {
 165   3                  enemies[i].row = i % MAP_ROWS;  // ?????
 166   3                  enemies[i].col = MAP_COLS * GRID_COL_WIDTH;  // ???
 167   3                  enemies[i].hp = 10;
 168   3                  enemies[i].type = 0;
 169   3                  enemies[i].speed = 1;
 170   3                  enemies[i].attackTimer = 0;
 171   3                  enemies[i].active = 1;
 172   3                  break;
 173   3              }
 174   2          }
 175   1      }
 176          
 177          // ????
 178          void Enemy_Update(void) {
 179   1          u8 i;
C51 COMPILER V9.54   GAME                                                                  04/16/2026 20:31:25 PAGE 4   

 180   1          u8 gridCol;  // ????
 181   1          
 182   1          for(i = 0; i < MAX_ENEMIES; i++) {
 183   2              if(!enemies[i].active) continue;
 184   2              
 185   2              gridCol = enemies[i].col / GRID_COL_WIDTH;
 186   2              
 187   2              if(gridCol == 0) {
 188   3                  baseHP--;
 189   3                  enemies[i].active = 0;
 190   3                  continue;
 191   3              }
 192   2              
 193   2              if(gridCol < MAP_COLS && map[enemies[i].row][gridCol-1].type != 0) {
 194   3                  if(++enemies[i].attackTimer >= 10) {
 195   4                      enemies[i].attackTimer = 0;
 196   4                      map[enemies[i].row][gridCol-1].hp--;
 197   4                      if(map[enemies[i].row][gridCol-1].hp == 0) {
 198   5                          map[enemies[i].row][gridCol-1].type = 0;
 199   5                      }
 200   4                  }
 201   3              } else {
 202   3                  enemies[i].col -= enemies[i].speed;
 203   3              }
 204   2          }
 205   1      }
 206          
 207          void Bullet_Update(void) {
 208   1          u8 i, j;
 209   1          u8 enemyX;  // ????
 210   1          
 211   1          for(i = 0; i < MAX_BULLETS; i++) {
 212   2              if(!bullets[i].active) continue;
 213   2              
 214   2              bullets[i].x += bullets[i].speed;
 215   2              
 216   2              if(bullets[i].x >= 128) {
 217   3                  bullets[i].active = 0;
 218   3                  continue;
 219   3              }
 220   2              
 221   2              for(j = 0; j < MAX_ENEMIES; j++) {
 222   3                  if(!enemies[j].active) continue;
 223   3                  if(enemies[j].row != bullets[i].row) continue;
 224   3                  
 225   3                  enemyX = enemies[j].col;
 226   3                  if(bullets[i].x >= enemyX - 4 && bullets[i].x <= enemyX + 8) {
 227   4                      enemies[j].hp -= bullets[i].damage;
 228   4                      bullets[i].active = 0;
 229   4                      Sound_Play(SOUND_HIT);
 230   4                      
 231   4                      if(enemies[j].hp == 0) {
 232   5                          enemies[j].active = 0;
 233   5                          score += 10;
 234   5                          Sound_Play(SOUND_ENEMY_DIE);
 235   5                      }
 236   4                      break;
 237   4                  }
 238   3              }
 239   2          }
 240   1      }
 241          void Plant_Shoot(void) {
C51 COMPILER V9.54   GAME                                                                  04/16/2026 20:31:25 PAGE 5   

 242   1          u8 i, j;
 243   1          for(i = 0; i < MAP_ROWS; i++) {
 244   2              for(j = 0; j < MAP_COLS; j++) {
 245   3                  if(map[i][j].type == 2) {  // ????
 246   4                      if(++map[i][j].shootTimer >= plantDB[2].shootInterval) {
 247   5                          map[i][j].shootTimer = 0;
 248   5                          // ??????
 249   5                          Bullet_Create(i, j * GRID_COL_WIDTH + 8, plantDB[2].damage);
 250   5                      }
 251   4                  }
 252   3              }
 253   2          }
 254   1      }
 255          // ????(?????)
 256          
 257          // ????
 258          void Collision_Check(void) {
 259   1          u8 i;
 260   1          for(i = 0; i < MAX_ENEMIES; i++) {
 261   2              if(!enemies[i].active) continue;
 262   2              // ??Enemy_Update???
 263   2          }
 264   1      }
 265          
 266          // ????
 267          void Game_Draw(void) {
 268   1          // ???(???????) 
 269   1          LCD_Clear();
 270   1          // ????
 271   1          LCD_DisplayString(0, 0, "Sun: ");
 272   1          // ????
 273   1          LCD_DisplayString(60, 0, "Score: ");
 274   1          // ????
 275   1          LCD_DisplayString(0, 6, "HP: ");
 276   1      }


MODULE INFORMATION:   STATIC OVERLAYABLE
   CODE SIZE        =   1654    ----
   CONSTANT SIZE    =     40    ----
   XDATA SIZE       =    216    ----
   PDATA SIZE       =   ----    ----
   DATA SIZE        =     14       4
   IDATA SIZE       =   ----    ----
   BIT SIZE         =   ----    ----
END OF MODULE INFORMATION.


C51 COMPILATION COMPLETE.  0 WARNING(S),  0 ERROR(S)
