C51 COMPILER V9.54   LCD12864                                                              04/16/2026 20:31:12 PAGE 1   


C51 COMPILER V9.54, COMPILATION OF MODULE LCD12864
OBJECT MODULE PLACED IN LCD12864.OBJ
COMPILER INVOKED BY: D:\keil\C51\BIN\C51.exe LCD12864.c

line level    source

   1          #include "config.h"
   2          #include "lcd12864.h"
   3          #include "font.h"
   4          
   5          // ?????
   6          static u8 LCD_Busy(void) {
   7   1          u8 temp;
   8   1          LCD_RS = 0;
   9   1          LCD_RW = 1;
  10   1          LCD_E  = 1;
  11   1          _nop_(); _nop_();
  12   1          temp = LCD_DATA;
  13   1          LCD_E  = 0;
  14   1          return (temp & 0x80);
  15   1      }
  16          
  17          // ????
  18          static void LCD_WaitFree(void) {
  19   1          while(LCD_Busy());
  20   1      }
  21          
  22          void LCD_WriteCmd(u8 cmd) {
  23   1          LCD_WaitFree();
  24   1          LCD_RS = 0;
  25   1          LCD_RW = 0;
  26   1          LCD_E  = 1;
  27   1          LCD_DATA = cmd;
  28   1          _nop_(); _nop_();
  29   1          LCD_E  = 0;
  30   1      }
  31          
  32          void LCD_WriteData(u8 dat) {
  33   1          LCD_WaitFree();
  34   1          LCD_RS = 1;
  35   1          LCD_RW = 0;
  36   1          LCD_E  = 1;
  37   1          LCD_DATA = dat;
  38   1          _nop_(); _nop_();
  39   1          LCD_E  = 0;
  40   1      }
  41          
  42          void LCD_SetPage(u8 page) {
  43   1          LCD_WriteCmd(PAGE_ADD | (page & 0x07));
  44   1      }
  45          
  46          void LCD_SetCol(u8 col) {
  47   1          LCD_WriteCmd(COL_ADD | (col & 0x3F));
  48   1      }
  49          
  50          void LCD_SelectScreen(u8 screen) {
  51   1          switch(screen) {
  52   2              case 1: LCD_CS1 = 0; LCD_CS2 = 1; break;
  53   2              case 2: LCD_CS1 = 1; LCD_CS2 = 0; break;
  54   2              case 3: LCD_CS1 = 0; LCD_CS2 = 0; break;
  55   2              default: LCD_CS1 = 1; LCD_CS2 = 1; break;
C51 COMPILER V9.54   LCD12864                                                              04/16/2026 20:31:12 PAGE 2   

  56   2          }
  57   1      }
  58          
  59          void LCD_Init(void) {
  60   1          LCD_CS1 = 1; LCD_CS2 = 1;
  61   1          LCD_E = 0;
  62   1          LCD_WriteCmd(LCD_OFF);
  63   1          LCD_WriteCmd(START_LINE);
  64   1          LCD_WriteCmd(LCD_ON);
  65   1          LCD_Clear();
  66   1      }
  67          
  68          void LCD_Clear(void) {
  69   1          u8 i, j;
  70   1          for(i = 0; i < 8; i++) {
  71   2              LCD_SelectScreen(1);
  72   2              LCD_SetPage(i);
  73   2              LCD_SetCol(0);
  74   2              for(j = 0; j < 64; j++) LCD_WriteData(0x00);
  75   2              
  76   2              LCD_SelectScreen(2);
  77   2              LCD_SetPage(i);
  78   2              LCD_SetCol(0);
  79   2              for(j = 0; j < 64; j++) LCD_WriteData(0x00);
  80   2          }
  81   1          LCD_SelectScreen(3);
  82   1      }
  83          
  84          // ????(????????,???????????)
  85          void LCD_DrawBitmap(u8 x, u8 y, u8 w, u8 h, u8 *bitmap) {
  86   1          u8 page, col, i, pixelX, dat;
  87   1          u8 startPage, endPage, bytePerRow;
  88   1          
  89   1          bytePerRow = (w + 7) / 8;
  90   1          startPage = y / 8;
  91   1          endPage = (y + h - 1) / 8;
  92   1          
  93   1          for(page = startPage; page <= endPage && page < 8; page++) {
  94   2              for(col = 0; col < w; col++) {
  95   3                  pixelX = x + col;
  96   3                  if(pixelX >= 128) continue;
  97   3                  
  98   3                  if(pixelX < 64) LCD_SelectScreen(1);
  99   3                  else LCD_SelectScreen(2);
 100   3                  
 101   3                  LCD_SetPage(page);
 102   3                  LCD_SetCol(pixelX % 64);
 103   3                  
 104   3                  dat = 0;
 105   3                  for(i = 0; i < 8; i++) {
 106   4                      u8 pixelY, byteIdx, bitIdx;
 107   4                      pixelY = page * 8 + i;
 108   4                      if(pixelY >= y && pixelY < y + h) {
 109   5                          byteIdx = (pixelY - y) * bytePerRow + col / 8;
 110   5                          bitIdx = 7 - (col % 8);
 111   5                          if(bitmap[byteIdx] & (1 << bitIdx))
 112   5                              dat |= (1 << i);
 113   5                      }
 114   4                  }
 115   3                  LCD_WriteData(dat);
 116   3              }
 117   2          }
C51 COMPILER V9.54   LCD12864                                                              04/16/2026 20:31:12 PAGE 3   

 118   1          LCD_SelectScreen(3);
 119   1      }
 120          
 121          // ????
 122          void LCD_DrawFillRect(u8 x, u8 y, u8 w, u8 h, u8 pattern) {
 123   1          u8 page, col, pixelX, dat;
 124   1          u8 startPage, endPage;
 125   1          
 126   1          startPage = y / 8;
 127   1          endPage = (y + h - 1) / 8;
 128   1          
 129   1          for(page = startPage; page <= endPage && page < 8; page++) {
 130   2              for(col = 0; col < w; col++) {
 131   3                  pixelX = x + col;
 132   3                  if(pixelX >= 128) continue;
 133   3                  
 134   3                  if(pixelX < 64) LCD_SelectScreen(1);
 135   3                  else LCD_SelectScreen(2);
 136   3                  
 137   3                  LCD_SetPage(page);
 138   3                  LCD_SetCol(pixelX % 64);
 139   3                  
 140   3                  dat = pattern;
 141   3                  if(page == startPage && (y % 8) != 0) {
 142   4                      dat = pattern << (y % 8);
 143   4                  } else if(page == endPage && ((y + h) % 8) != 0) {
 144   4                      dat = pattern >> (8 - ((y + h) % 8));
 145   4                  }
 146   3                  LCD_WriteData(dat);
 147   3              }
 148   2          }
 149   1          LCD_SelectScreen(3);
 150   1      }
 151          
 152          // ????
 153          void LCD_DisplayNum(u8 x, u8 y, u16 num, u8 len) {
 154   1          // ???(???????)
 155   1      }
*** WARNING C280 IN LINE 153 OF LCD12864.c: 'x': unreferenced local variable
*** WARNING C280 IN LINE 153 OF LCD12864.c: 'y': unreferenced local variable
*** WARNING C280 IN LINE 153 OF LCD12864.c: 'num': unreferenced local variable
*** WARNING C280 IN LINE 153 OF LCD12864.c: 'len': unreferenced local variable
 156          
 157          // ?????
 158          void LCD_DisplayString(u8 x, u8 y, u8 *str) {
 159   1          while(*str) {
 160   2              LCD_DrawBitmap(x, y, 8, 8, ascii_8x8[*str - 0x20]);
 161   2              x += 8;
 162   2              str++;
 163   2          }
 164   1      }


MODULE INFORMATION:   STATIC OVERLAYABLE
   CODE SIZE        =    725    ----
   CONSTANT SIZE    =   ----    ----
   XDATA SIZE       =   ----    ----
   PDATA SIZE       =   ----    ----
   DATA SIZE        =   ----      32
   IDATA SIZE       =   ----    ----
   BIT SIZE         =   ----    ----
END OF MODULE INFORMATION.

C51 COMPILER V9.54   LCD12864                                                              04/16/2026 20:31:12 PAGE 4   


C51 COMPILATION COMPLETE.  4 WARNING(S),  0 ERROR(S)
